{smcl}
{com}{sf}{ul off}{txt}{.-}
      name:  {res}<unnamed>
       {txt}log:  {res}D:\R\Econ613\Econ613_HW5_ZhixinYu\hw5.smcl
  {txt}log type:  {res}smcl
 {txt}opened on:  {res}16 Apr 2019, 01:49:48

{com}. ******************************************************************************

. 
. *Project:ECON 613 HW5

. 
. *Created by: Zhixin Yu

. 
. *Created:2019/04/13

. 
. 
. 
. ******************************************************************************

. 
. * Set working environment

. 
. clear all
{res}
{com}. 
. set more off, perm
{txt}({cmd:set more} preference recorded)

{com}. 
. set scrollbufsize 2000000
{txt}({cmd:set scrollbufsize} will take effect the next time you launch Stata)

{com}. 
. * Set working directory.

. 
. cd "D:\R\Econ613\Econ613_HW5_ZhixinYu"
{res}D:\R\Econ613\Econ613_HW5_ZhixinYu

{com}. 
. pwd
{res}D:\R\Econ613\Econ613_HW5_ZhixinYu

{com}. 
. 
. 
. 
. 
. 
. 
. ******************************* Assignment 2 *******************************

. 
. ***************************************************************

. 
. * Exercise 1: Data Creation

. 
. ***************************************************************

. 
. set seed 17

. 
. * create the variables

. 
. set obs 10000
{txt}{p}
number of observations (_N)  was 0,
now 10,000
{p_end}

{com}. 
. gen X1 = runiform(1,3)

. 
. gen X2 = rgamma(3,2)

. 
. gen X3 = rbinomial(1,0.3)

. 
. gen eps = rnormal(2,1)

. 
. gen Y = 0.5+1.2*X1-0.9*X2+0.1*X3+eps

. 
. * generate dummy variable

. 
. egen Y_mean = mean(Y)

. 
. gen ydum = (Y > Y_mean)

. 
. 
. 
. ***************************************************************

. 
. * Exercise 2: OLS

. 
. ***************************************************************

. 
. * Calculate the correlation

. 
. correlate Y X1
{txt}(obs=10,000)

             {c |}        Y       X1
{hline 13}{c +}{hline 18}
           Y {c |}{res}   1.0000
          {txt}X1 {c |}{res}   0.2009   1.0000


{com}. 
. * 0.2009

. 
. 
. 
. * Regression of Y on X

. 
. reg Y X1 X2 X3

{txt}      Source {c |}       SS           df       MS      Number of obs   ={res}    10,000
{txt}{hline 13}{c +}{hline 34}   F(3, 9996)      = {res} 35204.72
{txt}       Model {c |} {res} 105287.212         3  35095.7372   {txt}Prob > F        ={res}    0.0000
{txt}    Residual {c |} {res} 9965.05504     9,996  .996904266   {txt}R-squared       ={res}    0.9135
{txt}{hline 13}{c +}{hline 34}   Adj R-squared   ={res}    0.9135
{txt}       Total {c |} {res} 115252.267     9,999  11.5263793   {txt}Root MSE        =   {res} .99845

{txt}{hline 13}{c TT}{hline 11}{hline 11}{hline 9}{hline 8}{hline 13}{hline 12}
{col 1}           Y{col 14}{c |}      Coef.{col 26}   Std. Err.{col 38}      t{col 46}   P>|t|{col 54}     [95% Con{col 67}f. Interval]
{hline 13}{c +}{hline 11}{hline 11}{hline 9}{hline 8}{hline 13}{hline 12}
{space 10}X1 {c |}{col 14}{res}{space 2} 1.175556{col 26}{space 2} .0172664{col 37}{space 1}   68.08{col 46}{space 3}0.000{col 54}{space 4}  1.14171{col 67}{space 3} 1.209402
{txt}{space 10}X2 {c |}{col 14}{res}{space 2}-.9052563{col 26}{space 2} .0028492{col 37}{space 1} -317.72{col 46}{space 3}0.000{col 54}{space 4}-.9108414{col 67}{space 3}-.8996713
{txt}{space 10}X3 {c |}{col 14}{res}{space 2} .0173467{col 26}{space 2} .0219379{col 37}{space 1}    0.79{col 46}{space 3}0.429{col 54}{space 4}-.0256561{col 67}{space 3} .0603495
{txt}{space 7}_cons {c |}{col 14}{res}{space 2} 2.599957{col 26}{space 2} .0404869{col 37}{space 1}   64.22{col 46}{space 3}0.000{col 54}{space 4} 2.520595{col 67}{space 3}  2.67932
{txt}{hline 13}{c BT}{hline 11}{hline 11}{hline 9}{hline 8}{hline 13}{hline 12}
{res}
{com}. 
. eststo OLS

. 
. esttab OLS, se(3) title(OLS) nonumbers mtitles("OLS")
{res}
{txt}OLS
{txt}{hline 28}
{txt}                      OLS   
{txt}{hline 28}
{txt}X1          {res}        1.176***{txt}
            {res} {ralign 12:{txt:(}0.017{txt:)}}   {txt}

{txt}X2          {res}       -0.905***{txt}
            {res} {ralign 12:{txt:(}0.003{txt:)}}   {txt}

{txt}X3          {res}       0.0173   {txt}
            {res} {ralign 12:{txt:(}0.022{txt:)}}   {txt}

{txt}_cons       {res}        2.600***{txt}
            {res} {ralign 12:{txt:(}0.040{txt:)}}   {txt}
{txt}{hline 28}
{txt}N           {res}        10000   {txt}
{txt}{hline 28}
{txt}Standard errors in parentheses
{txt}* p<0.05, ** p<0.01, *** p<0.001

{com}. 
. *

. 
. *OLS

. 
. *----------------------------

. 
. *                      OLS   

. 
. *----------------------------

. 
. *X1                  1.176***

. 
. *                  (0.017)   

. 
. *

. 
. *X2                 -0.905***

. 
. *                  (0.003)   

. 
. *

. 
. *X3                 0.0173   

. 
. *                  (0.022)   

. 
. *

. 
. *_cons               2.600***

. 
. *                  (0.040)   

. 
. *----------------------------

. 
. *N                   10000   

. 
. *----------------------------

. 
. *Standard errors in parentheses

. 
. * p<0.05, ** p<0.01, *** p<0.001

. 
. 
. 
. * Bootstrap

. 
. bootstrap, reps(49): regress Y X1 X2 X3
{txt}(running regress on estimation sample)
{res}
{txt}Bootstrap replications ({res}49{txt})
{hline 4}{c +}{hline 3} 1 {hline 3}{c +}{hline 3} 2 {hline 3}{c +}{hline 3} 3 {hline 3}{c +}{hline 3} 4 {hline 3}{c +}{hline 3} 5 
.................................................
{res}
{txt}Linear regression{col 49}Number of obs{col 67}= {res}    10,000
{txt}{col 49}Replications{col 67}= {res}        49
{txt}{col 49}Wald chi2({res}3{txt}){col 67}= {res} 113968.00
{txt}{col 49}Prob > chi2{col 67}= {res}    0.0000
{txt}{col 49}R-squared{col 67}= {res}    0.9135
{txt}{col 49}Adj R-squared{col 67}= {res}    0.9135
{txt}{col 49}Root MSE{col 67}= {res}    0.9985

{txt}{hline 13}{c TT}{hline 11}{hline 11}{hline 9}{hline 8}{hline 13}{hline 12}
{col 14}{c |}   Observed{col 26}   Bootstrap{col 54}         Norm{col 67}al-based
{col 1}           Y{col 14}{c |}      Coef.{col 26}   Std. Err.{col 38}      z{col 46}   P>|z|{col 54}     [95% Con{col 67}f. Interval]
{hline 13}{c +}{hline 11}{hline 11}{hline 9}{hline 8}{hline 13}{hline 12}
{space 10}X1 {c |}{col 14}{res}{space 2} 1.175556{col 26}{space 2} .0131309{col 37}{space 1}   89.53{col 46}{space 3}0.000{col 54}{space 4}  1.14982{col 67}{space 3} 1.201292
{txt}{space 10}X2 {c |}{col 14}{res}{space 2}-.9052563{col 26}{space 2} .0028347{col 37}{space 1} -319.35{col 46}{space 3}0.000{col 54}{space 4}-.9108123{col 67}{space 3}-.8997004
{txt}{space 10}X3 {c |}{col 14}{res}{space 2} .0173467{col 26}{space 2} .0247794{col 37}{space 1}    0.70{col 46}{space 3}0.484{col 54}{space 4}-.0312201{col 67}{space 3} .0659134
{txt}{space 7}_cons {c |}{col 14}{res}{space 2} 2.599957{col 26}{space 2} .0338593{col 37}{space 1}   76.79{col 46}{space 3}0.000{col 54}{space 4} 2.533594{col 67}{space 3}  2.66632
{txt}{hline 13}{c BT}{hline 11}{hline 11}{hline 9}{hline 8}{hline 13}{hline 12}

{com}. 
. eststo boot49

. 
. bootstrap, reps(499): regress Y X1 X2 X3
{txt}(running regress on estimation sample)
{res}
{txt}Bootstrap replications ({res}499{txt})
{hline 4}{c +}{hline 3} 1 {hline 3}{c +}{hline 3} 2 {hline 3}{c +}{hline 3} 3 {hline 3}{c +}{hline 3} 4 {hline 3}{c +}{hline 3} 5 
..................................................    50
..................................................   100
..................................................   150
..................................................   200
..................................................   250
..................................................   300
..................................................   350
..................................................   400
..................................................   450
.................................................
{res}
{txt}Linear regression{col 49}Number of obs{col 67}= {res}    10,000
{txt}{col 49}Replications{col 67}= {res}       499
{txt}{col 49}Wald chi2({res}3{txt}){col 67}= {res} 109777.36
{txt}{col 49}Prob > chi2{col 67}= {res}    0.0000
{txt}{col 49}R-squared{col 67}= {res}    0.9135
{txt}{col 49}Adj R-squared{col 67}= {res}    0.9135
{txt}{col 49}Root MSE{col 67}= {res}    0.9985

{txt}{hline 13}{c TT}{hline 11}{hline 11}{hline 9}{hline 8}{hline 13}{hline 12}
{col 14}{c |}   Observed{col 26}   Bootstrap{col 54}         Norm{col 67}al-based
{col 1}           Y{col 14}{c |}      Coef.{col 26}   Std. Err.{col 38}      z{col 46}   P>|z|{col 54}     [95% Con{col 67}f. Interval]
{hline 13}{c +}{hline 11}{hline 11}{hline 9}{hline 8}{hline 13}{hline 12}
{space 10}X1 {c |}{col 14}{res}{space 2} 1.175556{col 26}{space 2} .0167506{col 37}{space 1}   70.18{col 46}{space 3}0.000{col 54}{space 4} 1.142725{col 67}{space 3} 1.208386
{txt}{space 10}X2 {c |}{col 14}{res}{space 2}-.9052563{col 26}{space 2} .0028266{col 37}{space 1} -320.26{col 46}{space 3}0.000{col 54}{space 4}-.9107964{col 67}{space 3}-.8997163
{txt}{space 10}X3 {c |}{col 14}{res}{space 2} .0173467{col 26}{space 2} .0225672{col 37}{space 1}    0.77{col 46}{space 3}0.442{col 54}{space 4}-.0268843{col 67}{space 3} .0615777
{txt}{space 7}_cons {c |}{col 14}{res}{space 2} 2.599957{col 26}{space 2} .0389505{col 37}{space 1}   66.75{col 46}{space 3}0.000{col 54}{space 4} 2.523615{col 67}{space 3} 2.676299
{txt}{hline 13}{c BT}{hline 11}{hline 11}{hline 9}{hline 8}{hline 13}{hline 12}

{com}. 
. eststo boot499

. 
. 
. 
. * display ols and bootstrap result table

. 
. esttab OLS boot49 boot499, se(5) title(bootstrap_se) nonumbers mtitles("OLS" "boot49" "boot499")
{res}
{txt}bootstrap_se
{txt}{hline 60}
{txt}                      OLS          boot49         boot499   
{txt}{hline 60}
{txt}X1          {res}        1.176***        1.176***        1.176***{txt}
            {res} {ralign 12:{txt:(}0.01727{txt:)}}    {ralign 12:{txt:(}0.01313{txt:)}}    {ralign 12:{txt:(}0.01675{txt:)}}   {txt}

{txt}X2          {res}       -0.905***       -0.905***       -0.905***{txt}
            {res} {ralign 12:{txt:(}0.00285{txt:)}}    {ralign 12:{txt:(}0.00283{txt:)}}    {ralign 12:{txt:(}0.00283{txt:)}}   {txt}

{txt}X3          {res}       0.0173          0.0173          0.0173   {txt}
            {res} {ralign 12:{txt:(}0.02194{txt:)}}    {ralign 12:{txt:(}0.02478{txt:)}}    {ralign 12:{txt:(}0.02257{txt:)}}   {txt}

{txt}_cons       {res}        2.600***        2.600***        2.600***{txt}
            {res} {ralign 12:{txt:(}0.04049{txt:)}}    {ralign 12:{txt:(}0.03386{txt:)}}    {ralign 12:{txt:(}0.03895{txt:)}}   {txt}
{txt}{hline 60}
{txt}N           {res}        10000           10000           10000   {txt}
{txt}{hline 60}
{txt}Standard errors in parentheses
{txt}* p<0.05, ** p<0.01, *** p<0.001

{com}. 
. 
. 
. 
. 
. ***************************************************************

. 
. * Exercise 4&5 : Discrete Choice & Marginal Effects

. 
. ***************************************************************

. 
. * Probit Model

. 
. probit ydum X1 X2 X3

{res}{txt}Iteration 0:{space 3}log likelihood = {res:-6860.0197}  
Iteration 1:{space 3}log likelihood = {res:-2300.1248}  
Iteration 2:{space 3}log likelihood = {res:-2207.5254}  
Iteration 3:{space 3}log likelihood = {res:-2206.6703}  
Iteration 4:{space 3}log likelihood = {res:-2206.6696}  
Iteration 5:{space 3}log likelihood = {res:-2206.6696}  
{res}
{txt}Probit regression{col 49}Number of obs{col 67}= {res}    10,000
{txt}{col 49}LR chi2({res}3{txt}){col 67}= {res}   9306.70
{txt}{col 49}Prob > chi2{col 67}= {res}    0.0000
{txt}Log likelihood = {res}-2206.6696{txt}{col 49}Pseudo R2{col 67}= {res}    0.6783

{txt}{hline 13}{c TT}{hline 11}{hline 11}{hline 9}{hline 8}{hline 13}{hline 12}
{col 1}        ydum{col 14}{c |}      Coef.{col 26}   Std. Err.{col 38}      z{col 46}   P>|z|{col 54}     [95% Con{col 67}f. Interval]
{hline 13}{c +}{hline 11}{hline 11}{hline 9}{hline 8}{hline 13}{hline 12}
{space 10}X1 {c |}{col 14}{res}{space 2} 1.154453{col 26}{space 2} .0433201{col 37}{space 1}   26.65{col 46}{space 3}0.000{col 54}{space 4} 1.069547{col 67}{space 3} 1.239359
{txt}{space 10}X2 {c |}{col 14}{res}{space 2} -.872383{col 26}{space 2} .0178137{col 37}{space 1}  -48.97{col 46}{space 3}0.000{col 54}{space 4}-.9072972{col 67}{space 3}-.8374688
{txt}{space 10}X3 {c |}{col 14}{res}{space 2} .0802866{col 26}{space 2} .0468124{col 37}{space 1}    1.72{col 46}{space 3}0.086{col 54}{space 4}-.0114641{col 67}{space 3} .1720373
{txt}{space 7}_cons {c |}{col 14}{res}{space 2} 2.958332{col 26}{space 2} .0982278{col 37}{space 1}   30.12{col 46}{space 3}0.000{col 54}{space 4} 2.765809{col 67}{space 3} 3.150855
{txt}{hline 13}{c BT}{hline 11}{hline 11}{hline 9}{hline 8}{hline 13}{hline 12}
{p 0 6 2}Note: 462 failures and 0 successes completely determined.{p_end}

{com}. 
. eststo probit

. 
. * Marginal Effects

. 
. margins, dydx(*) atmeans
{res}
{txt}Conditional marginal effects{col 49}Number of obs{col 67}= {res}    10,000
{txt}Model VCE{col 14}: {res}OIM

{txt}{p2colset 1 14 16 2}{...}
{p2col:Expression}:{space 1}{res:Pr(ydum), predict()}{p_end}
{p2colreset}{...}
{txt}{p2colset 1 14 16 2}{...}
{p2col:dy/dx w.r.t.}:{space 1}{res:X1 X2 X3}{p_end}
{p2colreset}{...}
{txt}{p2colset 1 14 16 2}{...}
{p2col:at}:{space 1}{res:{txt:X1}{space 14}{txt:=} {space 4}2.00188 {txt:(mean)}}{p_end}
{p2colreset}{...}
{txt}{p2colset 1 14 16 2}{...}
{p2col: }{space 2}{res:{txt:X2}{space 14}{txt:=} {space 3}6.068016 {txt:(mean)}}{p_end}
{p2colreset}{...}
{txt}{p2colset 1 14 16 2}{...}
{p2col: }{space 2}{res:{txt:X3}{space 14}{txt:=} {space 7}.293 {txt:(mean)}}{p_end}
{p2colreset}{...}

{res}{txt}{hline 13}{c TT}{hline 11}{hline 11}{hline 9}{hline 8}{hline 13}{hline 12}
{col 14}{c |}{col 26} Delta-method
{col 14}{c |}      dy/dx{col 26}   Std. Err.{col 38}      z{col 46}   P>|z|{col 54}     [95% Con{col 67}f. Interval]
{hline 13}{c +}{hline 11}{hline 11}{hline 9}{hline 8}{hline 13}{hline 12}
{space 10}X1 {c |}{col 14}{res}{space 2} .4605599{col 26}{space 2} .0172822{col 37}{space 1}   26.65{col 46}{space 3}0.000{col 54}{space 4} .4266874{col 67}{space 3} .4944324
{txt}{space 10}X2 {c |}{col 14}{res}{space 2}-.3480304{col 26}{space 2} .0071057{col 37}{space 1}  -48.98{col 46}{space 3}0.000{col 54}{space 4}-.3619573{col 67}{space 3}-.3341034
{txt}{space 10}X3 {c |}{col 14}{res}{space 2} .0320297{col 26}{space 2} .0186755{col 37}{space 1}    1.72{col 46}{space 3}0.086{col 54}{space 4}-.0045735{col 67}{space 3} .0686329
{txt}{hline 13}{c BT}{hline 11}{hline 11}{hline 9}{hline 8}{hline 13}{hline 12}
{res}
{com}. 
. 
. 
. * Logit Model

. 
. logit ydum X1 X2 X3

{res}{txt}Iteration 0:{space 3}log likelihood = {res:-6860.0197}  
Iteration 1:{space 3}log likelihood = {res:-2294.5571}  
Iteration 2:{space 3}log likelihood = {res:-2213.8107}  
Iteration 3:{space 3}log likelihood = {res:-2213.4778}  
Iteration 4:{space 3}log likelihood = {res:-2213.4777}  
{res}
{txt}Logistic regression{col 49}Number of obs{col 67}= {res}    10,000
{txt}{col 49}LR chi2({res}3{txt}){col 67}= {res}   9293.08
{txt}{col 49}Prob > chi2{col 67}= {res}    0.0000
{txt}Log likelihood = {res}-2213.4777{txt}{col 49}Pseudo R2{col 67}= {res}    0.6773

{txt}{hline 13}{c TT}{hline 11}{hline 11}{hline 9}{hline 8}{hline 13}{hline 12}
{col 1}        ydum{col 14}{c |}      Coef.{col 26}   Std. Err.{col 38}      z{col 46}   P>|z|{col 54}     [95% Con{col 67}f. Interval]
{hline 13}{c +}{hline 11}{hline 11}{hline 9}{hline 8}{hline 13}{hline 12}
{space 10}X1 {c |}{col 14}{res}{space 2} 2.076337{col 26}{space 2} .0804111{col 37}{space 1}   25.82{col 46}{space 3}0.000{col 54}{space 4} 1.918734{col 67}{space 3} 2.233939
{txt}{space 10}X2 {c |}{col 14}{res}{space 2}-1.567239{col 26}{space 2} .0355536{col 37}{space 1}  -44.08{col 46}{space 3}0.000{col 54}{space 4}-1.636923{col 67}{space 3}-1.497555
{txt}{space 10}X3 {c |}{col 14}{res}{space 2} .1441098{col 26}{space 2} .0842844{col 37}{space 1}    1.71{col 46}{space 3}0.087{col 54}{space 4}-.0210845{col 67}{space 3} .3093042
{txt}{space 7}_cons {c |}{col 14}{res}{space 2} 5.300641{col 26}{space 2} .1837727{col 37}{space 1}   28.84{col 46}{space 3}0.000{col 54}{space 4} 4.940453{col 67}{space 3} 5.660829
{txt}{hline 13}{c BT}{hline 11}{hline 11}{hline 9}{hline 8}{hline 13}{hline 12}
{p 0 6 2}Note: 79 failures and 0 successes completely determined.{p_end}

{com}. 
. eststo logit

. 
. * Marginal Effect

. 
. margins, dydx(*) atmeans
{res}
{txt}Conditional marginal effects{col 49}Number of obs{col 67}= {res}    10,000
{txt}Model VCE{col 14}: {res}OIM

{txt}{p2colset 1 14 16 2}{...}
{p2col:Expression}:{space 1}{res:Pr(ydum), predict()}{p_end}
{p2colreset}{...}
{txt}{p2colset 1 14 16 2}{...}
{p2col:dy/dx w.r.t.}:{space 1}{res:X1 X2 X3}{p_end}
{p2colreset}{...}
{txt}{p2colset 1 14 16 2}{...}
{p2col:at}:{space 1}{res:{txt:X1}{space 14}{txt:=} {space 4}2.00188 {txt:(mean)}}{p_end}
{p2colreset}{...}
{txt}{p2colset 1 14 16 2}{...}
{p2col: }{space 2}{res:{txt:X2}{space 14}{txt:=} {space 3}6.068016 {txt:(mean)}}{p_end}
{p2colreset}{...}
{txt}{p2colset 1 14 16 2}{...}
{p2col: }{space 2}{res:{txt:X3}{space 14}{txt:=} {space 7}.293 {txt:(mean)}}{p_end}
{p2colreset}{...}

{res}{txt}{hline 13}{c TT}{hline 11}{hline 11}{hline 9}{hline 8}{hline 13}{hline 12}
{col 14}{c |}{col 26} Delta-method
{col 14}{c |}      dy/dx{col 26}   Std. Err.{col 38}      z{col 46}   P>|z|{col 54}     [95% Con{col 67}f. Interval]
{hline 13}{c +}{hline 11}{hline 11}{hline 9}{hline 8}{hline 13}{hline 12}
{space 10}X1 {c |}{col 14}{res}{space 2} .5190696{col 26}{space 2} .0201025{col 37}{space 1}   25.82{col 46}{space 3}0.000{col 54}{space 4} .4796694{col 67}{space 3} .5584698
{txt}{space 10}X2 {c |}{col 14}{res}{space 2}-.3917987{col 26}{space 2} .0088752{col 37}{space 1}  -44.15{col 46}{space 3}0.000{col 54}{space 4}-.4091938{col 67}{space 3}-.3744037
{txt}{space 10}X3 {c |}{col 14}{res}{space 2} .0360264{col 26}{space 2} .0210705{col 37}{space 1}    1.71{col 46}{space 3}0.087{col 54}{space 4} -.005271{col 67}{space 3} .0773239
{txt}{hline 13}{c BT}{hline 11}{hline 11}{hline 9}{hline 8}{hline 13}{hline 12}
{res}
{com}. 
. 
. 
. * display probit and logit model estimations results

. 
. esttab probit logit, se(5) title(Discrete Choice) nonumbers mtitles("probit" "logit")
{res}
{txt}Discrete Choice
{txt}{hline 44}
{txt}                   probit           logit   
{txt}{hline 44}
{res}ydum                                        {txt}
{txt}X1          {res}        1.154***        2.076***{txt}
            {res} {ralign 12:{txt:(}0.04332{txt:)}}    {ralign 12:{txt:(}0.08041{txt:)}}   {txt}

{txt}X2          {res}       -0.872***       -1.567***{txt}
            {res} {ralign 12:{txt:(}0.01781{txt:)}}    {ralign 12:{txt:(}0.03555{txt:)}}   {txt}

{txt}X3          {res}       0.0803           0.144   {txt}
            {res} {ralign 12:{txt:(}0.04681{txt:)}}    {ralign 12:{txt:(}0.08428{txt:)}}   {txt}

{txt}_cons       {res}        2.958***        5.301***{txt}
            {res} {ralign 12:{txt:(}0.09823{txt:)}}    {ralign 12:{txt:(}0.18377{txt:)}}   {txt}
{txt}{hline 44}
{txt}N           {res}        10000           10000   {txt}
{txt}{hline 44}
{txt}Standard errors in parentheses
{txt}* p<0.05, ** p<0.01, *** p<0.001

{com}. 
. 
. 
. 
. 
. ******************************* Assignment 3 *******************************

. 
. ***************************************************************

. 
. * Exercise 1 : Data Description

. 
. ***************************************************************

. 
. clear

. 
. * import product dataset and prepare to merge data

. 
. import delimited "C:\Users\Administrator\Desktop\Duke\19 Spring study\Econ 613\hw3\hw3\product.csv"
{res}{text}(13 vars, 4,470 obs)

{com}. 
. 
. 
. * summary data

. 
. su

{txt}    Variable {c |}        Obs        Mean    Std. Dev.       Min        Max
{hline 13}{c +}{hline 57}
{space 10}v1 {c |}{res}      4,470      2235.5    1290.522          1       4470
{txt}{space 8}hhid {c |}{res}      4,470     2125756    14263.33    2100016    2157248
{txt}{space 6}choice {c |}{res}      4,470    3.242953    2.587219          1         10
{txt}{space 5}ppk_stk {c |}{res}      4,470    .5184362    .1505174        .19        .67
{txt}{space 5}pbb_stk {c |}{res}      4,470    .5432103    .1203319        .19       1.01
{txt}{hline 13}{c +}{hline 57}
{space 5}pfl_stk {c |}{res}      4,470     1.01502    .0428952        .95       1.16
{txt}{space 4}phse_stk {c |}{res}      4,470    .4371476    .1188312        .19        .64
{txt}{space 4}pgen_stk {c |}{res}      4,470    .3452819    .0351661        .25        .55
{txt}{space 4}pimp_stk {c |}{res}      4,470    .7807785    .1146461        .33        2.3
{txt}{space 5}pss_tub {c |}{res}      4,470    .8250895    .0612116         .5        .98
{txt}{hline 13}{c +}{hline 57}
{space 5}ppk_tub {c |}{res}      4,470    1.077409    .0297261        .98       1.24
{txt}{space 5}pfl_tub {c |}{res}      4,470    1.189376    .0140545        .69       1.47
{txt}{space 4}phse_tub {c |}{res}      4,470    .5686734     .072455        .33       1.27

{com}. 
. * market share by product

. 
. tab choice

     {txt}choice {c |}      Freq.     Percent        Cum.
{hline 12}{c +}{hline 35}
          1 {c |}{res}      1,766       39.51       39.51
{txt}          2 {c |}{res}        699       15.64       55.15
{txt}          3 {c |}{res}        243        5.44       60.58
{txt}          4 {c |}{res}        593       13.27       73.85
{txt}          5 {c |}{res}        315        7.05       80.89
{txt}          6 {c |}{res}         74        1.66       82.55
{txt}          7 {c |}{res}        319        7.14       89.69
{txt}          8 {c |}{res}        203        4.54       94.23
{txt}          9 {c |}{res}        225        5.03       99.26
{txt}         10 {c |}{res}         33        0.74      100.00
{txt}{hline 12}{c +}{hline 35}
      Total {c |}{res}      4,470      100.00

{com}. 
. * market share by product charecteristics (stk)

. 
. tab choice if choice <=6

     {txt}choice {c |}      Freq.     Percent        Cum.
{hline 12}{c +}{hline 35}
          1 {c |}{res}      1,766       47.86       47.86
{txt}          2 {c |}{res}        699       18.94       66.80
{txt}          3 {c |}{res}        243        6.59       73.39
{txt}          4 {c |}{res}        593       16.07       89.46
{txt}          5 {c |}{res}        315        8.54       97.99
{txt}          6 {c |}{res}         74        2.01      100.00
{txt}{hline 12}{c +}{hline 35}
      Total {c |}{res}      3,690      100.00

{com}. 
. * market share by product charecteristics (tub)

. 
. tab choice if choice >6

     {txt}choice {c |}      Freq.     Percent        Cum.
{hline 12}{c +}{hline 35}
          7 {c |}{res}        319       40.90       40.90
{txt}          8 {c |}{res}        203       26.03       66.92
{txt}          9 {c |}{res}        225       28.85       95.77
{txt}         10 {c |}{res}         33        4.23      100.00
{txt}{hline 12}{c +}{hline 35}
      Total {c |}{res}        780      100.00

{com}. 
. 
. 
. 
. 
. ***************************************************************

. 
. * Exercise 2&3&4 : First and Second Model & Marginal Effects

. 
. ***************************************************************

. 
. import delimited "C:\Users\Administrator\Desktop\Duke\19 Spring study\Econ 613\hw3\hw3\product.csv"
{res}{err}no; data in memory would be lost
{txt}{search r(4), local:r(4);}

{com}. 
. sort hhid

. 
. save data, replace
{txt}file data.dta saved

{com}. 
. clear

. 
. * import demos dataset and merge data

. 
. import delimited "C:\Users\Administrator\Desktop\Duke\19 Spring study\Econ 613\hw3\hw3\demos.csv"
{res}{text}(9 vars, 516 obs)

{com}. 
. save datanew, replace
{txt}file datanew.dta saved

{com}. 
. sort hhid

. 
. 
. 
. merge hhid using data.dta
{txt}{p}
(note: you are using old
{bf:merge} syntax; see
{bf:{help merge:[D] merge}} for new syntax)
{p_end}
{p 0 4 2}
variable{txt} hhid
does not uniquely identify observations in
data.dta
{p_end}

{com}. 
. * drop columns we won't use

. 
. drop fs3_4 fs5 fam_size college whtcollar retired hhid v1 _merge

. 
. * genderate index

. 
. gen v1 = _n

. 
. * rename and reshape dataset

. 
. rename (ppk_stk pbb_stk pfl_stk phse_stk pgen_stk pimp_stk pss_tub ppk_tub pfl_tub phse_tub)(c1 c2 c3 c4 c5 c6 c7 c8 c9 c10)
{res}
{com}. 
. reshape long c, i(v1) j(price)
{txt}(note: j = 1 2 3 4 5 6 7 8 9 10)

Data{col 36}wide{col 43}->{col 48}long
{hline 77}
Number of obs.                 {res}    4470   {txt}->{res}   44700
{txt}Number of variables            {res}      13   {txt}->{res}       5
{txt}j variable (10 values)                    ->   {res}price
{txt}xij variables:
                          {res}c1 c2 ... c10   {txt}->   {res}c
{txt}{hline 77}

{com}. 
. * generate dummy variable for choice

. 
. gen dum = cond(price == choice, 1, 0)

. 
. 
. 
. 
. 
. * Conditinal Logit Model

. 
. asclogit dum c, case(v1) alternatives(price)
{res}
{txt}Iteration 0:{space 3}log likelihood = {res:-7559.2014}  
Iteration 1:{space 3}log likelihood = {res:-7465.2594}  
Iteration 2:{space 3}log likelihood = {res:-7464.9321}  
Iteration 3:{space 3}log likelihood = {res:-7464.9321}  
{res}
{txt}Alternative-specific conditional logit{col 48}Number of obs{col 67}= {res}    44,700
{txt}Case variable: v1{col 48}Number of cases{col 67}= {res}      4470

{txt}Alternative variable: price{col 48}Alts per case: min = {res}        10
{col 63}{txt}avg = {res}      10.0
{col 63}{txt}max = {res}        10

{txt}{col 51}Wald chi2({res}1{txt}){col 67}= {res}   1458.85
{txt}Log likelihood = {res}-7464.9321{col 51}{txt}Prob > chi2{col 67}= {res}    0.0000

{txt}{hline 13}{c TT}{hline 11}{hline 11}{hline 9}{hline 8}{hline 13}{hline 12}
{col 1}         dum{col 14}{c |}      Coef.{col 26}   Std. Err.{col 38}      z{col 46}   P>|z|{col 54}     [95% Con{col 67}f. Interval]
{hline 13}{c +}{hline 11}{hline 11}{hline 9}{hline 8}{hline 13}{hline 12}
{res}price        {txt}{c |}
{space 11}c {c |}{col 14}{res}{space 2}-6.656579{col 26}{space 2} .1742793{col 37}{space 1}  -38.19{col 46}{space 3}0.000{col 54}{space 4} -6.99816{col 67}{space 3}-6.314998
{txt}{hline 13}{c +}{hline 11}{hline 11}{hline 9}{hline 8}{hline 13}{hline 12}
{col 1}{res}1           {col 14}{txt}{c |}  (base alternative)
{hline 13}{c +}{hline 11}{hline 11}{hline 9}{hline 8}{hline 13}{hline 12}
{res}2            {txt}{c |}
{space 7}_cons {c |}{col 14}{res}{space 2}-.9543068{col 26}{space 2} .0500462{col 37}{space 1}  -19.07{col 46}{space 3}0.000{col 54}{space 4}-1.052396{col 67}{space 3} -.856218
{txt}{hline 13}{c +}{hline 11}{hline 11}{hline 9}{hline 8}{hline 13}{hline 12}
{res}3            {txt}{c |}
{space 7}_cons {c |}{col 14}{res}{space 2} 1.296968{col 26}{space 2} .1086515{col 37}{space 1}   11.94{col 46}{space 3}0.000{col 54}{space 4} 1.084015{col 67}{space 3} 1.509921
{txt}{hline 13}{c +}{hline 11}{hline 11}{hline 9}{hline 8}{hline 13}{hline 12}
{res}4            {txt}{c |}
{space 7}_cons {c |}{col 14}{res}{space 2}-1.717332{col 26}{space 2} .0541582{col 37}{space 1}  -31.71{col 46}{space 3}0.000{col 54}{space 4} -1.82348{col 67}{space 3}-1.611184
{txt}{hline 13}{c +}{hline 11}{hline 11}{hline 9}{hline 8}{hline 13}{hline 12}
{res}5            {txt}{c |}
{space 7}_cons {c |}{col 14}{res}{space 2}-2.904005{col 26}{space 2} .0714605{col 37}{space 1}  -40.64{col 46}{space 3}0.000{col 54}{space 4}-3.044065{col 67}{space 3}-2.763945
{txt}{hline 13}{c +}{hline 11}{hline 11}{hline 9}{hline 8}{hline 13}{hline 12}
{res}6            {txt}{c |}
{space 7}_cons {c |}{col 14}{res}{space 2}-1.515311{col 26}{space 2} .1262303{col 37}{space 1}  -12.00{col 46}{space 3}0.000{col 54}{space 4}-1.762718{col 67}{space 3}-1.267904
{txt}{hline 13}{c +}{hline 11}{hline 11}{hline 9}{hline 8}{hline 13}{hline 12}
{res}7            {txt}{c |}
{space 7}_cons {c |}{col 14}{res}{space 2} .2517684{col 26}{space 2}  .079164{col 37}{space 1}    3.18{col 46}{space 3}0.001{col 54}{space 4} .0966098{col 67}{space 3}  .406927
{txt}{hline 13}{c +}{hline 11}{hline 11}{hline 9}{hline 8}{hline 13}{hline 12}
{res}8            {txt}{c |}
{space 7}_cons {c |}{col 14}{res}{space 2} 1.464868{col 26}{space 2} .1180467{col 37}{space 1}   12.41{col 46}{space 3}0.000{col 54}{space 4} 1.233501{col 67}{space 3} 1.696236
{txt}{hline 13}{c +}{hline 11}{hline 11}{hline 9}{hline 8}{hline 13}{hline 12}
{res}9            {txt}{c |}
{space 7}_cons {c |}{col 14}{res}{space 2} 2.357505{col 26}{space 2}  .133774{col 37}{space 1}   17.62{col 46}{space 3}0.000{col 54}{space 4} 2.095313{col 67}{space 3} 2.619697
{txt}{hline 13}{c +}{hline 11}{hline 11}{hline 9}{hline 8}{hline 13}{hline 12}
{res}10           {txt}{c |}
{space 7}_cons {c |}{col 14}{res}{space 2}-3.896594{col 26}{space 2}  .177419{col 37}{space 1}  -21.96{col 46}{space 3}0.000{col 54}{space 4}-4.244328{col 67}{space 3}-3.548859
{txt}{hline 13}{c BT}{hline 11}{hline 11}{hline 9}{hline 8}{hline 13}{hline 12}

{com}. 
. eststo C_logit

. 
. esttab C_logit, se(5) title(The effect of price on demand) nonumbers mtitles("C_logit")
{res}
{txt}The effect of price on demand
{txt}{hline 28}
{txt}                  C_logit   
{txt}{hline 28}
{res}price                       {txt}
{txt}c           {res}       -6.657***{txt}
            {res} {ralign 12:{txt:(}0.17428{txt:)}}   {txt}
{hline 28}
{res}2                           {txt}
{txt}_cons       {res}       -0.954***{txt}
            {res} {ralign 12:{txt:(}0.05005{txt:)}}   {txt}
{hline 28}
{res}3                           {txt}
{txt}_cons       {res}        1.297***{txt}
            {res} {ralign 12:{txt:(}0.10865{txt:)}}   {txt}
{hline 28}
{res}4                           {txt}
{txt}_cons       {res}       -1.717***{txt}
            {res} {ralign 12:{txt:(}0.05416{txt:)}}   {txt}
{hline 28}
{res}5                           {txt}
{txt}_cons       {res}       -2.904***{txt}
            {res} {ralign 12:{txt:(}0.07146{txt:)}}   {txt}
{hline 28}
{res}6                           {txt}
{txt}_cons       {res}       -1.515***{txt}
            {res} {ralign 12:{txt:(}0.12623{txt:)}}   {txt}
{hline 28}
{res}7                           {txt}
{txt}_cons       {res}        0.252** {txt}
            {res} {ralign 12:{txt:(}0.07916{txt:)}}   {txt}
{hline 28}
{res}8                           {txt}
{txt}_cons       {res}        1.465***{txt}
            {res} {ralign 12:{txt:(}0.11805{txt:)}}   {txt}
{hline 28}
{res}9                           {txt}
{txt}_cons       {res}        2.358***{txt}
            {res} {ralign 12:{txt:(}0.13377{txt:)}}   {txt}
{hline 28}
{res}10                          {txt}
{txt}_cons       {res}       -3.897***{txt}
            {res} {ralign 12:{txt:(}0.17742{txt:)}}   {txt}
{txt}{hline 28}
{txt}N           {res}        44700   {txt}
{txt}{hline 28}
{txt}Standard errors in parentheses
{txt}* p<0.05, ** p<0.01, *** p<0.001

{com}. 
. * calculate marginal effect

. 
. estat mfx
{res}
{txt}Pr(choice = 1|1 selected) ={col 10}{res} .41862592
{txt}{hline 13}{c TT}{hline 65}
variable     {c |}{col 18}dp/dx{col 26}Std. Err.{col 39}z{col 45}P>|z|{col 52}[    95% C.I.    ]{col 77}X
{hline 13}{c +}{hline 65}
{res}{txt}{space 0}{res:{lalign 13:c}}{c |}{space 10}{space 10}{space 8}{space 8}{space 10}{space 10}{space 9}
{space 0}{space 0}{ralign 12:1}{space 1}{c |}{space 1}{ralign 8:{res:{sf:-1.62007}}}{space 1}{space 1}{ralign 8:{res:{sf: .045076}}}{space 1}{space 1}{ralign 6:{res:{sf:-35.94}}}{space 1}{space 1}{ralign 6:{res:{sf: 0.000}}}{space 1}{space 1}{ralign 8:{res:{sf:-1.70841}}}{space 1}{space 1}{ralign 8:{res:{sf:-1.53172}}}{space 1}{space 1}{ralign 8:{res:{sf:  .51844}}}{space 0}
{space 0}{space 0}{ralign 12:2}{space 1}{c |}{space 1}{ralign 8:{res:{sf:  .38092}}}{space 1}{space 1}{ralign 8:{res:{sf: .016377}}}{space 1}{space 1}{ralign 6:{res:{sf: 23.26}}}{space 1}{space 1}{ralign 6:{res:{sf: 0.000}}}{space 1}{space 1}{ralign 8:{res:{sf: .348821}}}{space 1}{space 1}{ralign 8:{res:{sf: .413019}}}{space 1}{space 1}{ralign 8:{res:{sf:  .54321}}}{space 0}
{space 0}{space 0}{ralign 12:3}{space 1}{c |}{space 1}{ralign 8:{res:{sf: .156526}}}{space 1}{space 1}{ralign 8:{res:{sf: .010709}}}{space 1}{space 1}{ralign 6:{res:{sf: 14.62}}}{space 1}{space 1}{ralign 6:{res:{sf: 0.000}}}{space 1}{space 1}{ralign 8:{res:{sf: .135537}}}{space 1}{space 1}{ralign 8:{res:{sf: .177515}}}{space 1}{space 1}{ralign 8:{res:{sf:   1.015}}}{space 0}
{space 0}{space 0}{ralign 12:4}{space 1}{c |}{space 1}{ralign 8:{res:{sf: .359811}}}{space 1}{space 1}{ralign 8:{res:{sf: .016943}}}{space 1}{space 1}{ralign 6:{res:{sf: 21.24}}}{space 1}{space 1}{ralign 6:{res:{sf: 0.000}}}{space 1}{space 1}{ralign 8:{res:{sf: .326602}}}{space 1}{space 1}{ralign 8:{res:{sf: .393019}}}{space 1}{space 1}{ralign 8:{res:{sf:  .43715}}}{space 0}
{space 0}{space 0}{ralign 12:5}{space 1}{c |}{space 1}{ralign 8:{res:{sf: .202435}}}{space 1}{space 1}{ralign 8:{res:{sf: .012376}}}{space 1}{space 1}{ralign 6:{res:{sf: 16.36}}}{space 1}{space 1}{ralign 6:{res:{sf: 0.000}}}{space 1}{space 1}{ralign 8:{res:{sf: .178178}}}{space 1}{space 1}{ralign 8:{res:{sf: .226691}}}{space 1}{space 1}{ralign 8:{res:{sf:  .34528}}}{space 0}
{space 0}{space 0}{ralign 12:6}{space 1}{c |}{space 1}{ralign 8:{res:{sf:  .04471}}}{space 1}{space 1}{ralign 8:{res:{sf: .005301}}}{space 1}{space 1}{ralign 6:{res:{sf:  8.43}}}{space 1}{space 1}{ralign 6:{res:{sf: 0.000}}}{space 1}{space 1}{ralign 8:{res:{sf: .034319}}}{space 1}{space 1}{ralign 8:{res:{sf:   .0551}}}{space 1}{space 1}{ralign 8:{res:{sf:  .78078}}}{space 0}
{space 0}{space 0}{ralign 12:7}{space 1}{c |}{space 1}{ralign 8:{res:{sf: .194866}}}{space 1}{space 1}{ralign 8:{res:{sf: .011804}}}{space 1}{space 1}{ralign 6:{res:{sf: 16.51}}}{space 1}{space 1}{ralign 6:{res:{sf: 0.000}}}{space 1}{space 1}{ralign 8:{res:{sf: .171731}}}{space 1}{space 1}{ralign 8:{res:{sf: .218001}}}{space 1}{space 1}{ralign 8:{res:{sf:  .82509}}}{space 0}
{space 0}{space 0}{ralign 12:8}{space 1}{c |}{space 1}{ralign 8:{res:{sf:  .12222}}}{space 1}{space 1}{ralign 8:{res:{sf: .008972}}}{space 1}{space 1}{ralign 6:{res:{sf: 13.62}}}{space 1}{space 1}{ralign 6:{res:{sf: 0.000}}}{space 1}{space 1}{ralign 8:{res:{sf: .104636}}}{space 1}{space 1}{ralign 8:{res:{sf: .139804}}}{space 1}{space 1}{ralign 8:{res:{sf:  1.0774}}}{space 0}
{space 0}{space 0}{ralign 12:9}{space 1}{c |}{space 1}{ralign 8:{res:{sf:  .14162}}}{space 1}{space 1}{ralign 8:{res:{sf: .009996}}}{space 1}{space 1}{ralign 6:{res:{sf: 14.17}}}{space 1}{space 1}{ralign 6:{res:{sf: 0.000}}}{space 1}{space 1}{ralign 8:{res:{sf: .122027}}}{space 1}{space 1}{ralign 8:{res:{sf: .161213}}}{space 1}{space 1}{ralign 8:{res:{sf:  1.1894}}}{space 0}
{space 0}{space 0}{ralign 12:10}{space 1}{c |}{space 1}{ralign 8:{res:{sf: .016959}}}{space 1}{space 1}{ralign 8:{res:{sf: .002973}}}{space 1}{space 1}{ralign 6:{res:{sf:  5.71}}}{space 1}{space 1}{ralign 6:{res:{sf: 0.000}}}{space 1}{space 1}{ralign 8:{res:{sf: .011133}}}{space 1}{space 1}{ralign 8:{res:{sf: .022785}}}{space 1}{space 1}{ralign 8:{res:{sf:  .56867}}}{space 0}
{hline 13}{c BT}{hline 65}

Pr(choice = 2|1 selected) ={col 10}{res} .13669617
{txt}{hline 13}{c TT}{hline 65}
variable     {c |}{col 18}dp/dx{col 26}Std. Err.{col 39}z{col 45}P>|z|{col 52}[    95% C.I.    ]{col 77}X
{hline 13}{c +}{hline 65}
{res}{txt}{space 0}{res:{lalign 13:c}}{c |}{space 10}{space 10}{space 8}{space 8}{space 10}{space 10}{space 9}
{space 0}{space 0}{ralign 12:1}{space 1}{c |}{space 1}{ralign 8:{res:{sf:  .38092}}}{space 1}{space 1}{ralign 8:{res:{sf: .016377}}}{space 1}{space 1}{ralign 6:{res:{sf: 23.26}}}{space 1}{space 1}{ralign 6:{res:{sf: 0.000}}}{space 1}{space 1}{ralign 8:{res:{sf: .348821}}}{space 1}{space 1}{ralign 8:{res:{sf: .413019}}}{space 1}{space 1}{ralign 8:{res:{sf:  .51844}}}{space 0}
{space 0}{space 0}{ralign 12:2}{space 1}{c |}{space 1}{ralign 8:{res:{sf:-.785545}}}{space 1}{space 1}{ralign 8:{res:{sf: .030158}}}{space 1}{space 1}{ralign 6:{res:{sf:-26.05}}}{space 1}{space 1}{ralign 6:{res:{sf: 0.000}}}{space 1}{space 1}{ralign 8:{res:{sf:-.844654}}}{space 1}{space 1}{ralign 8:{res:{sf:-.726436}}}{space 1}{space 1}{ralign 8:{res:{sf:  .54321}}}{space 0}
{space 0}{space 0}{ralign 12:3}{space 1}{c |}{space 1}{ralign 8:{res:{sf: .051111}}}{space 1}{space 1}{ralign 8:{res:{sf: .003765}}}{space 1}{space 1}{ralign 6:{res:{sf: 13.57}}}{space 1}{space 1}{ralign 6:{res:{sf: 0.000}}}{space 1}{space 1}{ralign 8:{res:{sf: .043731}}}{space 1}{space 1}{ralign 8:{res:{sf: .058492}}}{space 1}{space 1}{ralign 8:{res:{sf:   1.015}}}{space 0}
{space 0}{space 0}{ralign 12:4}{space 1}{c |}{space 1}{ralign 8:{res:{sf: .117491}}}{space 1}{space 1}{ralign 8:{res:{sf: .006448}}}{space 1}{space 1}{ralign 6:{res:{sf: 18.22}}}{space 1}{space 1}{ralign 6:{res:{sf: 0.000}}}{space 1}{space 1}{ralign 8:{res:{sf: .104853}}}{space 1}{space 1}{ralign 8:{res:{sf: .130129}}}{space 1}{space 1}{ralign 8:{res:{sf:  .43715}}}{space 0}
{space 0}{space 0}{ralign 12:5}{space 1}{c |}{space 1}{ralign 8:{res:{sf: .066102}}}{space 1}{space 1}{ralign 8:{res:{sf: .004433}}}{space 1}{space 1}{ralign 6:{res:{sf: 14.91}}}{space 1}{space 1}{ralign 6:{res:{sf: 0.000}}}{space 1}{space 1}{ralign 8:{res:{sf: .057414}}}{space 1}{space 1}{ralign 8:{res:{sf:  .07479}}}{space 1}{space 1}{ralign 8:{res:{sf:  .34528}}}{space 0}
{space 0}{space 0}{ralign 12:6}{space 1}{c |}{space 1}{ralign 8:{res:{sf: .014599}}}{space 1}{space 1}{ralign 8:{res:{sf: .001779}}}{space 1}{space 1}{ralign 6:{res:{sf:  8.20}}}{space 1}{space 1}{ralign 6:{res:{sf: 0.000}}}{space 1}{space 1}{ralign 8:{res:{sf: .011112}}}{space 1}{space 1}{ralign 8:{res:{sf: .018087}}}{space 1}{space 1}{ralign 8:{res:{sf:  .78078}}}{space 0}
{space 0}{space 0}{ralign 12:7}{space 1}{c |}{space 1}{ralign 8:{res:{sf: .063631}}}{space 1}{space 1}{ralign 8:{res:{sf: .004253}}}{space 1}{space 1}{ralign 6:{res:{sf: 14.96}}}{space 1}{space 1}{ralign 6:{res:{sf: 0.000}}}{space 1}{space 1}{ralign 8:{res:{sf: .055295}}}{space 1}{space 1}{ralign 8:{res:{sf: .071966}}}{space 1}{space 1}{ralign 8:{res:{sf:  .82509}}}{space 0}
{space 0}{space 0}{ralign 12:8}{space 1}{c |}{space 1}{ralign 8:{res:{sf: .039909}}}{space 1}{space 1}{ralign 8:{res:{sf: .003145}}}{space 1}{space 1}{ralign 6:{res:{sf: 12.69}}}{space 1}{space 1}{ralign 6:{res:{sf: 0.000}}}{space 1}{space 1}{ralign 8:{res:{sf: .033744}}}{space 1}{space 1}{ralign 8:{res:{sf: .046074}}}{space 1}{space 1}{ralign 8:{res:{sf:  1.0774}}}{space 0}
{space 0}{space 0}{ralign 12:9}{space 1}{c |}{space 1}{ralign 8:{res:{sf: .046244}}}{space 1}{space 1}{ralign 8:{res:{sf: .003507}}}{space 1}{space 1}{ralign 6:{res:{sf: 13.18}}}{space 1}{space 1}{ralign 6:{res:{sf: 0.000}}}{space 1}{space 1}{ralign 8:{res:{sf:  .03937}}}{space 1}{space 1}{ralign 8:{res:{sf: .053118}}}{space 1}{space 1}{ralign 8:{res:{sf:  1.1894}}}{space 0}
{space 0}{space 0}{ralign 12:10}{space 1}{c |}{space 1}{ralign 8:{res:{sf: .005538}}}{space 1}{space 1}{ralign 8:{res:{sf: .000986}}}{space 1}{space 1}{ralign 6:{res:{sf:  5.62}}}{space 1}{space 1}{ralign 6:{res:{sf: 0.000}}}{space 1}{space 1}{ralign 8:{res:{sf: .003605}}}{space 1}{space 1}{ralign 8:{res:{sf: .007471}}}{space 1}{space 1}{ralign 8:{res:{sf:  .56867}}}{space 0}
{hline 13}{c BT}{hline 65}

Pr(choice = 3|1 selected) ={col 10}{res} .05617075
{txt}{hline 13}{c TT}{hline 65}
variable     {c |}{col 18}dp/dx{col 26}Std. Err.{col 39}z{col 45}P>|z|{col 52}[    95% C.I.    ]{col 77}X
{hline 13}{c +}{hline 65}
{res}{txt}{space 0}{res:{lalign 13:c}}{c |}{space 10}{space 10}{space 8}{space 8}{space 10}{space 10}{space 9}
{space 0}{space 0}{ralign 12:1}{space 1}{c |}{space 1}{ralign 8:{res:{sf: .156526}}}{space 1}{space 1}{ralign 8:{res:{sf: .010709}}}{space 1}{space 1}{ralign 6:{res:{sf: 14.62}}}{space 1}{space 1}{ralign 6:{res:{sf: 0.000}}}{space 1}{space 1}{ralign 8:{res:{sf: .135537}}}{space 1}{space 1}{ralign 8:{res:{sf: .177515}}}{space 1}{space 1}{ralign 8:{res:{sf:  .51844}}}{space 0}
{space 0}{space 0}{ralign 12:2}{space 1}{c |}{space 1}{ralign 8:{res:{sf: .051111}}}{space 1}{space 1}{ralign 8:{res:{sf: .003765}}}{space 1}{space 1}{ralign 6:{res:{sf: 13.57}}}{space 1}{space 1}{ralign 6:{res:{sf: 0.000}}}{space 1}{space 1}{ralign 8:{res:{sf: .043731}}}{space 1}{space 1}{ralign 8:{res:{sf: .058492}}}{space 1}{space 1}{ralign 8:{res:{sf:  .54321}}}{space 0}
{space 0}{space 0}{ralign 12:3}{space 1}{c |}{space 1}{ralign 8:{res:{sf:-.352903}}}{space 1}{space 1}{ralign 8:{res:{sf:  .02284}}}{space 1}{space 1}{ralign 6:{res:{sf:-15.45}}}{space 1}{space 1}{ralign 6:{res:{sf: 0.000}}}{space 1}{space 1}{ralign 8:{res:{sf:-.397668}}}{space 1}{space 1}{ralign 8:{res:{sf:-.308137}}}{space 1}{space 1}{ralign 8:{res:{sf:   1.015}}}{space 0}
{space 0}{space 0}{ralign 12:4}{space 1}{c |}{space 1}{ralign 8:{res:{sf: .048279}}}{space 1}{space 1}{ralign 8:{res:{sf: .003651}}}{space 1}{space 1}{ralign 6:{res:{sf: 13.22}}}{space 1}{space 1}{ralign 6:{res:{sf: 0.000}}}{space 1}{space 1}{ralign 8:{res:{sf: .041124}}}{space 1}{space 1}{ralign 8:{res:{sf: .055434}}}{space 1}{space 1}{ralign 8:{res:{sf:  .43715}}}{space 0}
{space 0}{space 0}{ralign 12:5}{space 1}{c |}{space 1}{ralign 8:{res:{sf: .027162}}}{space 1}{space 1}{ralign 8:{res:{sf: .002319}}}{space 1}{space 1}{ralign 6:{res:{sf: 11.71}}}{space 1}{space 1}{ralign 6:{res:{sf: 0.000}}}{space 1}{space 1}{ralign 8:{res:{sf: .022618}}}{space 1}{space 1}{ralign 8:{res:{sf: .031707}}}{space 1}{space 1}{ralign 8:{res:{sf:  .34528}}}{space 0}
{space 0}{space 0}{ralign 12:6}{space 1}{c |}{space 1}{ralign 8:{res:{sf: .005999}}}{space 1}{space 1}{ralign 8:{res:{sf: .000796}}}{space 1}{space 1}{ralign 6:{res:{sf:  7.53}}}{space 1}{space 1}{ralign 6:{res:{sf: 0.000}}}{space 1}{space 1}{ralign 8:{res:{sf: .004438}}}{space 1}{space 1}{ralign 8:{res:{sf:  .00756}}}{space 1}{space 1}{ralign 8:{res:{sf:  .78078}}}{space 0}
{space 0}{space 0}{ralign 12:7}{space 1}{c |}{space 1}{ralign 8:{res:{sf: .026147}}}{space 1}{space 1}{ralign 8:{res:{sf: .002223}}}{space 1}{space 1}{ralign 6:{res:{sf: 11.76}}}{space 1}{space 1}{ralign 6:{res:{sf: 0.000}}}{space 1}{space 1}{ralign 8:{res:{sf:  .02179}}}{space 1}{space 1}{ralign 8:{res:{sf: .030504}}}{space 1}{space 1}{ralign 8:{res:{sf:  .82509}}}{space 0}
{space 0}{space 0}{ralign 12:8}{space 1}{c |}{space 1}{ralign 8:{res:{sf: .016399}}}{space 1}{space 1}{ralign 8:{res:{sf: .001554}}}{space 1}{space 1}{ralign 6:{res:{sf: 10.56}}}{space 1}{space 1}{ralign 6:{res:{sf: 0.000}}}{space 1}{space 1}{ralign 8:{res:{sf: .013354}}}{space 1}{space 1}{ralign 8:{res:{sf: .019444}}}{space 1}{space 1}{ralign 8:{res:{sf:  1.0774}}}{space 0}
{space 0}{space 0}{ralign 12:9}{space 1}{c |}{space 1}{ralign 8:{res:{sf: .019002}}}{space 1}{space 1}{ralign 8:{res:{sf: .001757}}}{space 1}{space 1}{ralign 6:{res:{sf: 10.82}}}{space 1}{space 1}{ralign 6:{res:{sf: 0.000}}}{space 1}{space 1}{ralign 8:{res:{sf: .015559}}}{space 1}{space 1}{ralign 8:{res:{sf: .022445}}}{space 1}{space 1}{ralign 8:{res:{sf:  1.1894}}}{space 0}
{space 0}{space 0}{ralign 12:10}{space 1}{c |}{space 1}{ralign 8:{res:{sf: .002276}}}{space 1}{space 1}{ralign 8:{res:{sf: .000422}}}{space 1}{space 1}{ralign 6:{res:{sf:  5.40}}}{space 1}{space 1}{ralign 6:{res:{sf: 0.000}}}{space 1}{space 1}{ralign 8:{res:{sf: .001449}}}{space 1}{space 1}{ralign 8:{res:{sf: .003102}}}{space 1}{space 1}{ralign 8:{res:{sf:  .56867}}}{space 0}
{hline 13}{c BT}{hline 65}

Pr(choice = 4|1 selected) ={col 10}{res} .12912093
{txt}{hline 13}{c TT}{hline 65}
variable     {c |}{col 18}dp/dx{col 26}Std. Err.{col 39}z{col 45}P>|z|{col 52}[    95% C.I.    ]{col 77}X
{hline 13}{c +}{hline 65}
{res}{txt}{space 0}{res:{lalign 13:c}}{c |}{space 10}{space 10}{space 8}{space 8}{space 10}{space 10}{space 9}
{space 0}{space 0}{ralign 12:1}{space 1}{c |}{space 1}{ralign 8:{res:{sf: .359811}}}{space 1}{space 1}{ralign 8:{res:{sf: .016943}}}{space 1}{space 1}{ralign 6:{res:{sf: 21.24}}}{space 1}{space 1}{ralign 6:{res:{sf: 0.000}}}{space 1}{space 1}{ralign 8:{res:{sf: .326602}}}{space 1}{space 1}{ralign 8:{res:{sf: .393019}}}{space 1}{space 1}{ralign 8:{res:{sf:  .51844}}}{space 0}
{space 0}{space 0}{ralign 12:2}{space 1}{c |}{space 1}{ralign 8:{res:{sf: .117491}}}{space 1}{space 1}{ralign 8:{res:{sf: .006448}}}{space 1}{space 1}{ralign 6:{res:{sf: 18.22}}}{space 1}{space 1}{ralign 6:{res:{sf: 0.000}}}{space 1}{space 1}{ralign 8:{res:{sf: .104853}}}{space 1}{space 1}{ralign 8:{res:{sf: .130129}}}{space 1}{space 1}{ralign 8:{res:{sf:  .54321}}}{space 0}
{space 0}{space 0}{ralign 12:3}{space 1}{c |}{space 1}{ralign 8:{res:{sf: .048279}}}{space 1}{space 1}{ralign 8:{res:{sf: .003651}}}{space 1}{space 1}{ralign 6:{res:{sf: 13.22}}}{space 1}{space 1}{ralign 6:{res:{sf: 0.000}}}{space 1}{space 1}{ralign 8:{res:{sf: .041124}}}{space 1}{space 1}{ralign 8:{res:{sf: .055434}}}{space 1}{space 1}{ralign 8:{res:{sf:   1.015}}}{space 0}
{space 0}{space 0}{ralign 12:4}{space 1}{c |}{space 1}{ralign 8:{res:{sf:-.748524}}}{space 1}{space 1}{ralign 8:{res:{sf: .031316}}}{space 1}{space 1}{ralign 6:{res:{sf:-23.90}}}{space 1}{space 1}{ralign 6:{res:{sf: 0.000}}}{space 1}{space 1}{ralign 8:{res:{sf:-.809901}}}{space 1}{space 1}{ralign 8:{res:{sf:-.687146}}}{space 1}{space 1}{ralign 8:{res:{sf:  .43715}}}{space 0}
{space 0}{space 0}{ralign 12:5}{space 1}{c |}{space 1}{ralign 8:{res:{sf: .062439}}}{space 1}{space 1}{ralign 8:{res:{sf:  .00431}}}{space 1}{space 1}{ralign 6:{res:{sf: 14.49}}}{space 1}{space 1}{ralign 6:{res:{sf: 0.000}}}{space 1}{space 1}{ralign 8:{res:{sf: .053992}}}{space 1}{space 1}{ralign 8:{res:{sf: .070886}}}{space 1}{space 1}{ralign 8:{res:{sf:  .34528}}}{space 0}
{space 0}{space 0}{ralign 12:6}{space 1}{c |}{space 1}{ralign 8:{res:{sf:  .01379}}}{space 1}{space 1}{ralign 8:{res:{sf: .001698}}}{space 1}{space 1}{ralign 6:{res:{sf:  8.12}}}{space 1}{space 1}{ralign 6:{res:{sf: 0.000}}}{space 1}{space 1}{ralign 8:{res:{sf: .010462}}}{space 1}{space 1}{ralign 8:{res:{sf: .017118}}}{space 1}{space 1}{ralign 8:{res:{sf:  .78078}}}{space 0}
{space 0}{space 0}{ralign 12:7}{space 1}{c |}{space 1}{ralign 8:{res:{sf: .060104}}}{space 1}{space 1}{ralign 8:{res:{sf: .004135}}}{space 1}{space 1}{ralign 6:{res:{sf: 14.54}}}{space 1}{space 1}{ralign 6:{res:{sf: 0.000}}}{space 1}{space 1}{ralign 8:{res:{sf:    .052}}}{space 1}{space 1}{ralign 8:{res:{sf: .068209}}}{space 1}{space 1}{ralign 8:{res:{sf:  .82509}}}{space 0}
{space 0}{space 0}{ralign 12:8}{space 1}{c |}{space 1}{ralign 8:{res:{sf: .037698}}}{space 1}{space 1}{ralign 8:{res:{sf: .003025}}}{space 1}{space 1}{ralign 6:{res:{sf: 12.46}}}{space 1}{space 1}{ralign 6:{res:{sf: 0.000}}}{space 1}{space 1}{ralign 8:{res:{sf: .031768}}}{space 1}{space 1}{ralign 8:{res:{sf: .043627}}}{space 1}{space 1}{ralign 8:{res:{sf:  1.0774}}}{space 0}
{space 0}{space 0}{ralign 12:9}{space 1}{c |}{space 1}{ralign 8:{res:{sf: .043681}}}{space 1}{space 1}{ralign 8:{res:{sf: .003386}}}{space 1}{space 1}{ralign 6:{res:{sf: 12.90}}}{space 1}{space 1}{ralign 6:{res:{sf: 0.000}}}{space 1}{space 1}{ralign 8:{res:{sf: .037046}}}{space 1}{space 1}{ralign 8:{res:{sf: .050317}}}{space 1}{space 1}{ralign 8:{res:{sf:  1.1894}}}{space 0}
{space 0}{space 0}{ralign 12:10}{space 1}{c |}{space 1}{ralign 8:{res:{sf: .005231}}}{space 1}{space 1}{ralign 8:{res:{sf: .000933}}}{space 1}{space 1}{ralign 6:{res:{sf:  5.60}}}{space 1}{space 1}{ralign 6:{res:{sf: 0.000}}}{space 1}{space 1}{ralign 8:{res:{sf: .003402}}}{space 1}{space 1}{ralign 8:{res:{sf:  .00706}}}{space 1}{space 1}{ralign 8:{res:{sf:  .56867}}}{space 0}
{hline 13}{c BT}{hline 65}

Pr(choice = 5|1 selected) ={col 10}{res} .07264529
{txt}{hline 13}{c TT}{hline 65}
variable     {c |}{col 18}dp/dx{col 26}Std. Err.{col 39}z{col 45}P>|z|{col 52}[    95% C.I.    ]{col 77}X
{hline 13}{c +}{hline 65}
{res}{txt}{space 0}{res:{lalign 13:c}}{c |}{space 10}{space 10}{space 8}{space 8}{space 10}{space 10}{space 9}
{space 0}{space 0}{ralign 12:1}{space 1}{c |}{space 1}{ralign 8:{res:{sf: .202435}}}{space 1}{space 1}{ralign 8:{res:{sf: .012376}}}{space 1}{space 1}{ralign 6:{res:{sf: 16.36}}}{space 1}{space 1}{ralign 6:{res:{sf: 0.000}}}{space 1}{space 1}{ralign 8:{res:{sf: .178178}}}{space 1}{space 1}{ralign 8:{res:{sf: .226691}}}{space 1}{space 1}{ralign 8:{res:{sf:  .51844}}}{space 0}
{space 0}{space 0}{ralign 12:2}{space 1}{c |}{space 1}{ralign 8:{res:{sf: .066102}}}{space 1}{space 1}{ralign 8:{res:{sf: .004433}}}{space 1}{space 1}{ralign 6:{res:{sf: 14.91}}}{space 1}{space 1}{ralign 6:{res:{sf: 0.000}}}{space 1}{space 1}{ralign 8:{res:{sf: .057414}}}{space 1}{space 1}{ralign 8:{res:{sf:  .07479}}}{space 1}{space 1}{ralign 8:{res:{sf:  .54321}}}{space 0}
{space 0}{space 0}{ralign 12:3}{space 1}{c |}{space 1}{ralign 8:{res:{sf: .027162}}}{space 1}{space 1}{ralign 8:{res:{sf: .002319}}}{space 1}{space 1}{ralign 6:{res:{sf: 11.71}}}{space 1}{space 1}{ralign 6:{res:{sf: 0.000}}}{space 1}{space 1}{ralign 8:{res:{sf: .022618}}}{space 1}{space 1}{ralign 8:{res:{sf: .031707}}}{space 1}{space 1}{ralign 8:{res:{sf:   1.015}}}{space 0}
{space 0}{space 0}{ralign 12:4}{space 1}{c |}{space 1}{ralign 8:{res:{sf: .062439}}}{space 1}{space 1}{ralign 8:{res:{sf:  .00431}}}{space 1}{space 1}{ralign 6:{res:{sf: 14.49}}}{space 1}{space 1}{ralign 6:{res:{sf: 0.000}}}{space 1}{space 1}{ralign 8:{res:{sf: .053992}}}{space 1}{space 1}{ralign 8:{res:{sf: .070886}}}{space 1}{space 1}{ralign 8:{res:{sf:  .43715}}}{space 0}
{space 0}{space 0}{ralign 12:5}{space 1}{c |}{space 1}{ralign 8:{res:{sf: -.44844}}}{space 1}{space 1}{ralign 8:{res:{sf: .025561}}}{space 1}{space 1}{ralign 6:{res:{sf:-17.54}}}{space 1}{space 1}{ralign 6:{res:{sf: 0.000}}}{space 1}{space 1}{ralign 8:{res:{sf:-.498539}}}{space 1}{space 1}{ralign 8:{res:{sf:-.398341}}}{space 1}{space 1}{ralign 8:{res:{sf:  .34528}}}{space 0}
{space 0}{space 0}{ralign 12:6}{space 1}{c |}{space 1}{ralign 8:{res:{sf: .007759}}}{space 1}{space 1}{ralign 8:{res:{sf: .001001}}}{space 1}{space 1}{ralign 6:{res:{sf:  7.75}}}{space 1}{space 1}{ralign 6:{res:{sf: 0.000}}}{space 1}{space 1}{ralign 8:{res:{sf: .005796}}}{space 1}{space 1}{ralign 8:{res:{sf: .009721}}}{space 1}{space 1}{ralign 8:{res:{sf:  .78078}}}{space 0}
{space 0}{space 0}{ralign 12:7}{space 1}{c |}{space 1}{ralign 8:{res:{sf: .033816}}}{space 1}{space 1}{ralign 8:{res:{sf: .002681}}}{space 1}{space 1}{ralign 6:{res:{sf: 12.61}}}{space 1}{space 1}{ralign 6:{res:{sf: 0.000}}}{space 1}{space 1}{ralign 8:{res:{sf: .028561}}}{space 1}{space 1}{ralign 8:{res:{sf: .039071}}}{space 1}{space 1}{ralign 8:{res:{sf:  .82509}}}{space 0}
{space 0}{space 0}{ralign 12:8}{space 1}{c |}{space 1}{ralign 8:{res:{sf: .021209}}}{space 1}{space 1}{ralign 8:{res:{sf:   .0019}}}{space 1}{space 1}{ralign 6:{res:{sf: 11.16}}}{space 1}{space 1}{ralign 6:{res:{sf: 0.000}}}{space 1}{space 1}{ralign 8:{res:{sf: .017485}}}{space 1}{space 1}{ralign 8:{res:{sf: .024933}}}{space 1}{space 1}{ralign 8:{res:{sf:  1.0774}}}{space 0}
{space 0}{space 0}{ralign 12:9}{space 1}{c |}{space 1}{ralign 8:{res:{sf: .024576}}}{space 1}{space 1}{ralign 8:{res:{sf: .002144}}}{space 1}{space 1}{ralign 6:{res:{sf: 11.46}}}{space 1}{space 1}{ralign 6:{res:{sf: 0.000}}}{space 1}{space 1}{ralign 8:{res:{sf: .020374}}}{space 1}{space 1}{ralign 8:{res:{sf: .028778}}}{space 1}{space 1}{ralign 8:{res:{sf:  1.1894}}}{space 0}
{space 0}{space 0}{ralign 12:10}{space 1}{c |}{space 1}{ralign 8:{res:{sf: .002943}}}{space 1}{space 1}{ralign 8:{res:{sf: .000538}}}{space 1}{space 1}{ralign 6:{res:{sf:  5.47}}}{space 1}{space 1}{ralign 6:{res:{sf: 0.000}}}{space 1}{space 1}{ralign 8:{res:{sf: .001888}}}{space 1}{space 1}{ralign 8:{res:{sf: .003998}}}{space 1}{space 1}{ralign 8:{res:{sf:  .56867}}}{space 0}
{hline 13}{c BT}{hline 65}

Pr(choice = 6|1 selected) ={col 10}{res} .01604447
{txt}{hline 13}{c TT}{hline 65}
variable     {c |}{col 18}dp/dx{col 26}Std. Err.{col 39}z{col 45}P>|z|{col 52}[    95% C.I.    ]{col 77}X
{hline 13}{c +}{hline 65}
{res}{txt}{space 0}{res:{lalign 13:c}}{c |}{space 10}{space 10}{space 8}{space 8}{space 10}{space 10}{space 9}
{space 0}{space 0}{ralign 12:1}{space 1}{c |}{space 1}{ralign 8:{res:{sf:  .04471}}}{space 1}{space 1}{ralign 8:{res:{sf: .005301}}}{space 1}{space 1}{ralign 6:{res:{sf:  8.43}}}{space 1}{space 1}{ralign 6:{res:{sf: 0.000}}}{space 1}{space 1}{ralign 8:{res:{sf: .034319}}}{space 1}{space 1}{ralign 8:{res:{sf:   .0551}}}{space 1}{space 1}{ralign 8:{res:{sf:  .51844}}}{space 0}
{space 0}{space 0}{ralign 12:2}{space 1}{c |}{space 1}{ralign 8:{res:{sf: .014599}}}{space 1}{space 1}{ralign 8:{res:{sf: .001779}}}{space 1}{space 1}{ralign 6:{res:{sf:  8.20}}}{space 1}{space 1}{ralign 6:{res:{sf: 0.000}}}{space 1}{space 1}{ralign 8:{res:{sf: .011112}}}{space 1}{space 1}{ralign 8:{res:{sf: .018087}}}{space 1}{space 1}{ralign 8:{res:{sf:  .54321}}}{space 0}
{space 0}{space 0}{ralign 12:3}{space 1}{c |}{space 1}{ralign 8:{res:{sf: .005999}}}{space 1}{space 1}{ralign 8:{res:{sf: .000796}}}{space 1}{space 1}{ralign 6:{res:{sf:  7.53}}}{space 1}{space 1}{ralign 6:{res:{sf: 0.000}}}{space 1}{space 1}{ralign 8:{res:{sf: .004438}}}{space 1}{space 1}{ralign 8:{res:{sf:  .00756}}}{space 1}{space 1}{ralign 8:{res:{sf:   1.015}}}{space 0}
{space 0}{space 0}{ralign 12:4}{space 1}{c |}{space 1}{ralign 8:{res:{sf:  .01379}}}{space 1}{space 1}{ralign 8:{res:{sf: .001698}}}{space 1}{space 1}{ralign 6:{res:{sf:  8.12}}}{space 1}{space 1}{ralign 6:{res:{sf: 0.000}}}{space 1}{space 1}{ralign 8:{res:{sf: .010462}}}{space 1}{space 1}{ralign 8:{res:{sf: .017118}}}{space 1}{space 1}{ralign 8:{res:{sf:  .43715}}}{space 0}
{space 0}{space 0}{ralign 12:5}{space 1}{c |}{space 1}{ralign 8:{res:{sf: .007759}}}{space 1}{space 1}{ralign 8:{res:{sf: .001001}}}{space 1}{space 1}{ralign 6:{res:{sf:  7.75}}}{space 1}{space 1}{ralign 6:{res:{sf: 0.000}}}{space 1}{space 1}{ralign 8:{res:{sf: .005796}}}{space 1}{space 1}{ralign 8:{res:{sf: .009721}}}{space 1}{space 1}{ralign 8:{res:{sf:  .34528}}}{space 0}
{space 0}{space 0}{ralign 12:6}{space 1}{c |}{space 1}{ralign 8:{res:{sf:-.105088}}}{space 1}{space 1}{ralign 8:{res:{sf: .012245}}}{space 1}{space 1}{ralign 6:{res:{sf: -8.58}}}{space 1}{space 1}{ralign 6:{res:{sf: 0.000}}}{space 1}{space 1}{ralign 8:{res:{sf:-.129087}}}{space 1}{space 1}{ralign 8:{res:{sf:-.081089}}}{space 1}{space 1}{ralign 8:{res:{sf:  .78078}}}{space 0}
{space 0}{space 0}{ralign 12:7}{space 1}{c |}{space 1}{ralign 8:{res:{sf: .007469}}}{space 1}{space 1}{ralign 8:{res:{sf: .000963}}}{space 1}{space 1}{ralign 6:{res:{sf:  7.76}}}{space 1}{space 1}{ralign 6:{res:{sf: 0.000}}}{space 1}{space 1}{ralign 8:{res:{sf: .005582}}}{space 1}{space 1}{ralign 8:{res:{sf: .009355}}}{space 1}{space 1}{ralign 8:{res:{sf:  .82509}}}{space 0}
{space 0}{space 0}{ralign 12:8}{space 1}{c |}{space 1}{ralign 8:{res:{sf: .004684}}}{space 1}{space 1}{ralign 8:{res:{sf: .000634}}}{space 1}{space 1}{ralign 6:{res:{sf:  7.39}}}{space 1}{space 1}{ralign 6:{res:{sf: 0.000}}}{space 1}{space 1}{ralign 8:{res:{sf: .003441}}}{space 1}{space 1}{ralign 8:{res:{sf: .005927}}}{space 1}{space 1}{ralign 8:{res:{sf:  1.0774}}}{space 0}
{space 0}{space 0}{ralign 12:9}{space 1}{c |}{space 1}{ralign 8:{res:{sf: .005428}}}{space 1}{space 1}{ralign 8:{res:{sf: .000726}}}{space 1}{space 1}{ralign 6:{res:{sf:  7.47}}}{space 1}{space 1}{ralign 6:{res:{sf: 0.000}}}{space 1}{space 1}{ralign 8:{res:{sf: .004005}}}{space 1}{space 1}{ralign 8:{res:{sf: .006851}}}{space 1}{space 1}{ralign 8:{res:{sf:  1.1894}}}{space 0}
{space 0}{space 0}{ralign 12:10}{space 1}{c |}{space 1}{ralign 8:{res:{sf:  .00065}}}{space 1}{space 1}{ralign 8:{res:{sf: .000136}}}{space 1}{space 1}{ralign 6:{res:{sf:  4.78}}}{space 1}{space 1}{ralign 6:{res:{sf: 0.000}}}{space 1}{space 1}{ralign 8:{res:{sf: .000384}}}{space 1}{space 1}{ralign 8:{res:{sf: .000916}}}{space 1}{space 1}{ralign 8:{res:{sf:  .56867}}}{space 0}
{hline 13}{c BT}{hline 65}

Pr(choice = 7|1 selected) ={col 10}{res} .06992927
{txt}{hline 13}{c TT}{hline 65}
variable     {c |}{col 18}dp/dx{col 26}Std. Err.{col 39}z{col 45}P>|z|{col 52}[    95% C.I.    ]{col 77}X
{hline 13}{c +}{hline 65}
{res}{txt}{space 0}{res:{lalign 13:c}}{c |}{space 10}{space 10}{space 8}{space 8}{space 10}{space 10}{space 9}
{space 0}{space 0}{ralign 12:1}{space 1}{c |}{space 1}{ralign 8:{res:{sf: .194866}}}{space 1}{space 1}{ralign 8:{res:{sf: .011804}}}{space 1}{space 1}{ralign 6:{res:{sf: 16.51}}}{space 1}{space 1}{ralign 6:{res:{sf: 0.000}}}{space 1}{space 1}{ralign 8:{res:{sf: .171731}}}{space 1}{space 1}{ralign 8:{res:{sf: .218001}}}{space 1}{space 1}{ralign 8:{res:{sf:  .51844}}}{space 0}
{space 0}{space 0}{ralign 12:2}{space 1}{c |}{space 1}{ralign 8:{res:{sf: .063631}}}{space 1}{space 1}{ralign 8:{res:{sf: .004253}}}{space 1}{space 1}{ralign 6:{res:{sf: 14.96}}}{space 1}{space 1}{ralign 6:{res:{sf: 0.000}}}{space 1}{space 1}{ralign 8:{res:{sf: .055295}}}{space 1}{space 1}{ralign 8:{res:{sf: .071966}}}{space 1}{space 1}{ralign 8:{res:{sf:  .54321}}}{space 0}
{space 0}{space 0}{ralign 12:3}{space 1}{c |}{space 1}{ralign 8:{res:{sf: .026147}}}{space 1}{space 1}{ralign 8:{res:{sf: .002223}}}{space 1}{space 1}{ralign 6:{res:{sf: 11.76}}}{space 1}{space 1}{ralign 6:{res:{sf: 0.000}}}{space 1}{space 1}{ralign 8:{res:{sf:  .02179}}}{space 1}{space 1}{ralign 8:{res:{sf: .030504}}}{space 1}{space 1}{ralign 8:{res:{sf:   1.015}}}{space 0}
{space 0}{space 0}{ralign 12:4}{space 1}{c |}{space 1}{ralign 8:{res:{sf: .060104}}}{space 1}{space 1}{ralign 8:{res:{sf: .004135}}}{space 1}{space 1}{ralign 6:{res:{sf: 14.54}}}{space 1}{space 1}{ralign 6:{res:{sf: 0.000}}}{space 1}{space 1}{ralign 8:{res:{sf:    .052}}}{space 1}{space 1}{ralign 8:{res:{sf: .068209}}}{space 1}{space 1}{ralign 8:{res:{sf:  .43715}}}{space 0}
{space 0}{space 0}{ralign 12:5}{space 1}{c |}{space 1}{ralign 8:{res:{sf: .033816}}}{space 1}{space 1}{ralign 8:{res:{sf: .002681}}}{space 1}{space 1}{ralign 6:{res:{sf: 12.61}}}{space 1}{space 1}{ralign 6:{res:{sf: 0.000}}}{space 1}{space 1}{ralign 8:{res:{sf: .028561}}}{space 1}{space 1}{ralign 8:{res:{sf: .039071}}}{space 1}{space 1}{ralign 8:{res:{sf:  .34528}}}{space 0}
{space 0}{space 0}{ralign 12:6}{space 1}{c |}{space 1}{ralign 8:{res:{sf: .007469}}}{space 1}{space 1}{ralign 8:{res:{sf: .000963}}}{space 1}{space 1}{ralign 6:{res:{sf:  7.76}}}{space 1}{space 1}{ralign 6:{res:{sf: 0.000}}}{space 1}{space 1}{ralign 8:{res:{sf: .005582}}}{space 1}{space 1}{ralign 8:{res:{sf: .009355}}}{space 1}{space 1}{ralign 8:{res:{sf:  .78078}}}{space 0}
{space 0}{space 0}{ralign 12:7}{space 1}{c |}{space 1}{ralign 8:{res:{sf:-.432938}}}{space 1}{space 1}{ralign 8:{res:{sf: .024519}}}{space 1}{space 1}{ralign 6:{res:{sf:-17.66}}}{space 1}{space 1}{ralign 6:{res:{sf: 0.000}}}{space 1}{space 1}{ralign 8:{res:{sf:-.480995}}}{space 1}{space 1}{ralign 8:{res:{sf:-.384882}}}{space 1}{space 1}{ralign 8:{res:{sf:  .82509}}}{space 0}
{space 0}{space 0}{ralign 12:8}{space 1}{c |}{space 1}{ralign 8:{res:{sf: .020416}}}{space 1}{space 1}{ralign 8:{res:{sf: .001828}}}{space 1}{space 1}{ralign 6:{res:{sf: 11.17}}}{space 1}{space 1}{ralign 6:{res:{sf: 0.000}}}{space 1}{space 1}{ralign 8:{res:{sf: .016833}}}{space 1}{space 1}{ralign 8:{res:{sf: .023999}}}{space 1}{space 1}{ralign 8:{res:{sf:  1.0774}}}{space 0}
{space 0}{space 0}{ralign 12:9}{space 1}{c |}{space 1}{ralign 8:{res:{sf: .023657}}}{space 1}{space 1}{ralign 8:{res:{sf: .002057}}}{space 1}{space 1}{ralign 6:{res:{sf: 11.50}}}{space 1}{space 1}{ralign 6:{res:{sf: 0.000}}}{space 1}{space 1}{ralign 8:{res:{sf: .019625}}}{space 1}{space 1}{ralign 8:{res:{sf: .027689}}}{space 1}{space 1}{ralign 8:{res:{sf:  1.1894}}}{space 0}
{space 0}{space 0}{ralign 12:10}{space 1}{c |}{space 1}{ralign 8:{res:{sf: .002833}}}{space 1}{space 1}{ralign 8:{res:{sf: .000518}}}{space 1}{space 1}{ralign 6:{res:{sf:  5.47}}}{space 1}{space 1}{ralign 6:{res:{sf: 0.000}}}{space 1}{space 1}{ralign 8:{res:{sf: .001817}}}{space 1}{space 1}{ralign 8:{res:{sf: .003849}}}{space 1}{space 1}{ralign 8:{res:{sf:  .56867}}}{space 0}
{hline 13}{c BT}{hline 65}

Pr(choice = 8|1 selected) ={col 10}{res} .04385975
{txt}{hline 13}{c TT}{hline 65}
variable     {c |}{col 18}dp/dx{col 26}Std. Err.{col 39}z{col 45}P>|z|{col 52}[    95% C.I.    ]{col 77}X
{hline 13}{c +}{hline 65}
{res}{txt}{space 0}{res:{lalign 13:c}}{c |}{space 10}{space 10}{space 8}{space 8}{space 10}{space 10}{space 9}
{space 0}{space 0}{ralign 12:1}{space 1}{c |}{space 1}{ralign 8:{res:{sf:  .12222}}}{space 1}{space 1}{ralign 8:{res:{sf: .008972}}}{space 1}{space 1}{ralign 6:{res:{sf: 13.62}}}{space 1}{space 1}{ralign 6:{res:{sf: 0.000}}}{space 1}{space 1}{ralign 8:{res:{sf: .104636}}}{space 1}{space 1}{ralign 8:{res:{sf: .139804}}}{space 1}{space 1}{ralign 8:{res:{sf:  .51844}}}{space 0}
{space 0}{space 0}{ralign 12:2}{space 1}{c |}{space 1}{ralign 8:{res:{sf: .039909}}}{space 1}{space 1}{ralign 8:{res:{sf: .003145}}}{space 1}{space 1}{ralign 6:{res:{sf: 12.69}}}{space 1}{space 1}{ralign 6:{res:{sf: 0.000}}}{space 1}{space 1}{ralign 8:{res:{sf: .033744}}}{space 1}{space 1}{ralign 8:{res:{sf: .046074}}}{space 1}{space 1}{ralign 8:{res:{sf:  .54321}}}{space 0}
{space 0}{space 0}{ralign 12:3}{space 1}{c |}{space 1}{ralign 8:{res:{sf: .016399}}}{space 1}{space 1}{ralign 8:{res:{sf: .001554}}}{space 1}{space 1}{ralign 6:{res:{sf: 10.56}}}{space 1}{space 1}{ralign 6:{res:{sf: 0.000}}}{space 1}{space 1}{ralign 8:{res:{sf: .013354}}}{space 1}{space 1}{ralign 8:{res:{sf: .019444}}}{space 1}{space 1}{ralign 8:{res:{sf:   1.015}}}{space 0}
{space 0}{space 0}{ralign 12:4}{space 1}{c |}{space 1}{ralign 8:{res:{sf: .037698}}}{space 1}{space 1}{ralign 8:{res:{sf: .003025}}}{space 1}{space 1}{ralign 6:{res:{sf: 12.46}}}{space 1}{space 1}{ralign 6:{res:{sf: 0.000}}}{space 1}{space 1}{ralign 8:{res:{sf: .031768}}}{space 1}{space 1}{ralign 8:{res:{sf: .043627}}}{space 1}{space 1}{ralign 8:{res:{sf:  .43715}}}{space 0}
{space 0}{space 0}{ralign 12:5}{space 1}{c |}{space 1}{ralign 8:{res:{sf: .021209}}}{space 1}{space 1}{ralign 8:{res:{sf:   .0019}}}{space 1}{space 1}{ralign 6:{res:{sf: 11.16}}}{space 1}{space 1}{ralign 6:{res:{sf: 0.000}}}{space 1}{space 1}{ralign 8:{res:{sf: .017485}}}{space 1}{space 1}{ralign 8:{res:{sf: .024933}}}{space 1}{space 1}{ralign 8:{res:{sf:  .34528}}}{space 0}
{space 0}{space 0}{ralign 12:6}{space 1}{c |}{space 1}{ralign 8:{res:{sf: .004684}}}{space 1}{space 1}{ralign 8:{res:{sf: .000634}}}{space 1}{space 1}{ralign 6:{res:{sf:  7.39}}}{space 1}{space 1}{ralign 6:{res:{sf: 0.000}}}{space 1}{space 1}{ralign 8:{res:{sf: .003441}}}{space 1}{space 1}{ralign 8:{res:{sf: .005927}}}{space 1}{space 1}{ralign 8:{res:{sf:  .78078}}}{space 0}
{space 0}{space 0}{ralign 12:7}{space 1}{c |}{space 1}{ralign 8:{res:{sf: .020416}}}{space 1}{space 1}{ralign 8:{res:{sf: .001828}}}{space 1}{space 1}{ralign 6:{res:{sf: 11.17}}}{space 1}{space 1}{ralign 6:{res:{sf: 0.000}}}{space 1}{space 1}{ralign 8:{res:{sf: .016833}}}{space 1}{space 1}{ralign 8:{res:{sf: .023999}}}{space 1}{space 1}{ralign 8:{res:{sf:  .82509}}}{space 0}
{space 0}{space 0}{ralign 12:8}{space 1}{c |}{space 1}{ralign 8:{res:{sf:-.279151}}}{space 1}{space 1}{ralign 8:{res:{sf: .019602}}}{space 1}{space 1}{ralign 6:{res:{sf:-14.24}}}{space 1}{space 1}{ralign 6:{res:{sf: 0.000}}}{space 1}{space 1}{ralign 8:{res:{sf: -.31757}}}{space 1}{space 1}{ralign 8:{res:{sf:-.240731}}}{space 1}{space 1}{ralign 8:{res:{sf:  1.0774}}}{space 0}
{space 0}{space 0}{ralign 12:9}{space 1}{c |}{space 1}{ralign 8:{res:{sf: .014838}}}{space 1}{space 1}{ralign 8:{res:{sf: .001434}}}{space 1}{space 1}{ralign 6:{res:{sf: 10.35}}}{space 1}{space 1}{ralign 6:{res:{sf: 0.000}}}{space 1}{space 1}{ralign 8:{res:{sf: .012027}}}{space 1}{space 1}{ralign 8:{res:{sf: .017649}}}{space 1}{space 1}{ralign 8:{res:{sf:  1.1894}}}{space 0}
{space 0}{space 0}{ralign 12:10}{space 1}{c |}{space 1}{ralign 8:{res:{sf: .001777}}}{space 1}{space 1}{ralign 8:{res:{sf: .000334}}}{space 1}{space 1}{ralign 6:{res:{sf:  5.33}}}{space 1}{space 1}{ralign 6:{res:{sf: 0.000}}}{space 1}{space 1}{ralign 8:{res:{sf: .001123}}}{space 1}{space 1}{ralign 8:{res:{sf: .002431}}}{space 1}{space 1}{ralign 8:{res:{sf:  .56867}}}{space 0}
{hline 13}{c BT}{hline 65}

Pr(choice = 9|1 selected) ={col 10}{res} .05082152
{txt}{hline 13}{c TT}{hline 65}
variable     {c |}{col 18}dp/dx{col 26}Std. Err.{col 39}z{col 45}P>|z|{col 52}[    95% C.I.    ]{col 77}X
{hline 13}{c +}{hline 65}
{res}{txt}{space 0}{res:{lalign 13:c}}{c |}{space 10}{space 10}{space 8}{space 8}{space 10}{space 10}{space 9}
{space 0}{space 0}{ralign 12:1}{space 1}{c |}{space 1}{ralign 8:{res:{sf:  .14162}}}{space 1}{space 1}{ralign 8:{res:{sf: .009996}}}{space 1}{space 1}{ralign 6:{res:{sf: 14.17}}}{space 1}{space 1}{ralign 6:{res:{sf: 0.000}}}{space 1}{space 1}{ralign 8:{res:{sf: .122027}}}{space 1}{space 1}{ralign 8:{res:{sf: .161213}}}{space 1}{space 1}{ralign 8:{res:{sf:  .51844}}}{space 0}
{space 0}{space 0}{ralign 12:2}{space 1}{c |}{space 1}{ralign 8:{res:{sf: .046244}}}{space 1}{space 1}{ralign 8:{res:{sf: .003507}}}{space 1}{space 1}{ralign 6:{res:{sf: 13.18}}}{space 1}{space 1}{ralign 6:{res:{sf: 0.000}}}{space 1}{space 1}{ralign 8:{res:{sf:  .03937}}}{space 1}{space 1}{ralign 8:{res:{sf: .053118}}}{space 1}{space 1}{ralign 8:{res:{sf:  .54321}}}{space 0}
{space 0}{space 0}{ralign 12:3}{space 1}{c |}{space 1}{ralign 8:{res:{sf: .019002}}}{space 1}{space 1}{ralign 8:{res:{sf: .001757}}}{space 1}{space 1}{ralign 6:{res:{sf: 10.82}}}{space 1}{space 1}{ralign 6:{res:{sf: 0.000}}}{space 1}{space 1}{ralign 8:{res:{sf: .015559}}}{space 1}{space 1}{ralign 8:{res:{sf: .022445}}}{space 1}{space 1}{ralign 8:{res:{sf:   1.015}}}{space 0}
{space 0}{space 0}{ralign 12:4}{space 1}{c |}{space 1}{ralign 8:{res:{sf: .043681}}}{space 1}{space 1}{ralign 8:{res:{sf: .003386}}}{space 1}{space 1}{ralign 6:{res:{sf: 12.90}}}{space 1}{space 1}{ralign 6:{res:{sf: 0.000}}}{space 1}{space 1}{ralign 8:{res:{sf: .037046}}}{space 1}{space 1}{ralign 8:{res:{sf: .050317}}}{space 1}{space 1}{ralign 8:{res:{sf:  .43715}}}{space 0}
{space 0}{space 0}{ralign 12:5}{space 1}{c |}{space 1}{ralign 8:{res:{sf: .024576}}}{space 1}{space 1}{ralign 8:{res:{sf: .002144}}}{space 1}{space 1}{ralign 6:{res:{sf: 11.46}}}{space 1}{space 1}{ralign 6:{res:{sf: 0.000}}}{space 1}{space 1}{ralign 8:{res:{sf: .020374}}}{space 1}{space 1}{ralign 8:{res:{sf: .028778}}}{space 1}{space 1}{ralign 8:{res:{sf:  .34528}}}{space 0}
{space 0}{space 0}{ralign 12:6}{space 1}{c |}{space 1}{ralign 8:{res:{sf: .005428}}}{space 1}{space 1}{ralign 8:{res:{sf: .000726}}}{space 1}{space 1}{ralign 6:{res:{sf:  7.47}}}{space 1}{space 1}{ralign 6:{res:{sf: 0.000}}}{space 1}{space 1}{ralign 8:{res:{sf: .004005}}}{space 1}{space 1}{ralign 8:{res:{sf: .006851}}}{space 1}{space 1}{ralign 8:{res:{sf:  .78078}}}{space 0}
{space 0}{space 0}{ralign 12:7}{space 1}{c |}{space 1}{ralign 8:{res:{sf: .023657}}}{space 1}{space 1}{ralign 8:{res:{sf: .002057}}}{space 1}{space 1}{ralign 6:{res:{sf: 11.50}}}{space 1}{space 1}{ralign 6:{res:{sf: 0.000}}}{space 1}{space 1}{ralign 8:{res:{sf: .019625}}}{space 1}{space 1}{ralign 8:{res:{sf: .027689}}}{space 1}{space 1}{ralign 8:{res:{sf:  .82509}}}{space 0}
{space 0}{space 0}{ralign 12:8}{space 1}{c |}{space 1}{ralign 8:{res:{sf: .014838}}}{space 1}{space 1}{ralign 8:{res:{sf: .001434}}}{space 1}{space 1}{ralign 6:{res:{sf: 10.35}}}{space 1}{space 1}{ralign 6:{res:{sf: 0.000}}}{space 1}{space 1}{ralign 8:{res:{sf: .012027}}}{space 1}{space 1}{ralign 8:{res:{sf: .017649}}}{space 1}{space 1}{ralign 8:{res:{sf:  1.0774}}}{space 0}
{space 0}{space 0}{ralign 12:9}{space 1}{c |}{space 1}{ralign 8:{res:{sf:-.321105}}}{space 1}{space 1}{ralign 8:{res:{sf: .021545}}}{space 1}{space 1}{ralign 6:{res:{sf:-14.90}}}{space 1}{space 1}{ralign 6:{res:{sf: 0.000}}}{space 1}{space 1}{ralign 8:{res:{sf:-.363332}}}{space 1}{space 1}{ralign 8:{res:{sf:-.278878}}}{space 1}{space 1}{ralign 8:{res:{sf:  1.1894}}}{space 0}
{space 0}{space 0}{ralign 12:10}{space 1}{c |}{space 1}{ralign 8:{res:{sf: .002059}}}{space 1}{space 1}{ralign 8:{res:{sf: .000384}}}{space 1}{space 1}{ralign 6:{res:{sf:  5.36}}}{space 1}{space 1}{ralign 6:{res:{sf: 0.000}}}{space 1}{space 1}{ralign 8:{res:{sf: .001306}}}{space 1}{space 1}{ralign 8:{res:{sf: .002811}}}{space 1}{space 1}{ralign 8:{res:{sf:  .56867}}}{space 0}
{hline 13}{c BT}{hline 65}

Pr(choice = 10|1 selected) ={col 10}{res} .00608591
{txt}{hline 13}{c TT}{hline 65}
variable     {c |}{col 18}dp/dx{col 26}Std. Err.{col 39}z{col 45}P>|z|{col 52}[    95% C.I.    ]{col 77}X
{hline 13}{c +}{hline 65}
{res}{txt}{space 0}{res:{lalign 13:c}}{c |}{space 10}{space 10}{space 8}{space 8}{space 10}{space 10}{space 9}
{space 0}{space 0}{ralign 12:1}{space 1}{c |}{space 1}{ralign 8:{res:{sf: .016959}}}{space 1}{space 1}{ralign 8:{res:{sf: .002973}}}{space 1}{space 1}{ralign 6:{res:{sf:  5.71}}}{space 1}{space 1}{ralign 6:{res:{sf: 0.000}}}{space 1}{space 1}{ralign 8:{res:{sf: .011133}}}{space 1}{space 1}{ralign 8:{res:{sf: .022785}}}{space 1}{space 1}{ralign 8:{res:{sf:  .51844}}}{space 0}
{space 0}{space 0}{ralign 12:2}{space 1}{c |}{space 1}{ralign 8:{res:{sf: .005538}}}{space 1}{space 1}{ralign 8:{res:{sf: .000986}}}{space 1}{space 1}{ralign 6:{res:{sf:  5.62}}}{space 1}{space 1}{ralign 6:{res:{sf: 0.000}}}{space 1}{space 1}{ralign 8:{res:{sf: .003605}}}{space 1}{space 1}{ralign 8:{res:{sf: .007471}}}{space 1}{space 1}{ralign 8:{res:{sf:  .54321}}}{space 0}
{space 0}{space 0}{ralign 12:3}{space 1}{c |}{space 1}{ralign 8:{res:{sf: .002276}}}{space 1}{space 1}{ralign 8:{res:{sf: .000422}}}{space 1}{space 1}{ralign 6:{res:{sf:  5.40}}}{space 1}{space 1}{ralign 6:{res:{sf: 0.000}}}{space 1}{space 1}{ralign 8:{res:{sf: .001449}}}{space 1}{space 1}{ralign 8:{res:{sf: .003102}}}{space 1}{space 1}{ralign 8:{res:{sf:   1.015}}}{space 0}
{space 0}{space 0}{ralign 12:4}{space 1}{c |}{space 1}{ralign 8:{res:{sf: .005231}}}{space 1}{space 1}{ralign 8:{res:{sf: .000933}}}{space 1}{space 1}{ralign 6:{res:{sf:  5.60}}}{space 1}{space 1}{ralign 6:{res:{sf: 0.000}}}{space 1}{space 1}{ralign 8:{res:{sf: .003402}}}{space 1}{space 1}{ralign 8:{res:{sf:  .00706}}}{space 1}{space 1}{ralign 8:{res:{sf:  .43715}}}{space 0}
{space 0}{space 0}{ralign 12:5}{space 1}{c |}{space 1}{ralign 8:{res:{sf: .002943}}}{space 1}{space 1}{ralign 8:{res:{sf: .000538}}}{space 1}{space 1}{ralign 6:{res:{sf:  5.47}}}{space 1}{space 1}{ralign 6:{res:{sf: 0.000}}}{space 1}{space 1}{ralign 8:{res:{sf: .001888}}}{space 1}{space 1}{ralign 8:{res:{sf: .003998}}}{space 1}{space 1}{ralign 8:{res:{sf:  .34528}}}{space 0}
{space 0}{space 0}{ralign 12:6}{space 1}{c |}{space 1}{ralign 8:{res:{sf:  .00065}}}{space 1}{space 1}{ralign 8:{res:{sf: .000136}}}{space 1}{space 1}{ralign 6:{res:{sf:  4.78}}}{space 1}{space 1}{ralign 6:{res:{sf: 0.000}}}{space 1}{space 1}{ralign 8:{res:{sf: .000384}}}{space 1}{space 1}{ralign 8:{res:{sf: .000916}}}{space 1}{space 1}{ralign 8:{res:{sf:  .78078}}}{space 0}
{space 0}{space 0}{ralign 12:7}{space 1}{c |}{space 1}{ralign 8:{res:{sf: .002833}}}{space 1}{space 1}{ralign 8:{res:{sf: .000518}}}{space 1}{space 1}{ralign 6:{res:{sf:  5.47}}}{space 1}{space 1}{ralign 6:{res:{sf: 0.000}}}{space 1}{space 1}{ralign 8:{res:{sf: .001817}}}{space 1}{space 1}{ralign 8:{res:{sf: .003849}}}{space 1}{space 1}{ralign 8:{res:{sf:  .82509}}}{space 0}
{space 0}{space 0}{ralign 12:8}{space 1}{c |}{space 1}{ralign 8:{res:{sf: .001777}}}{space 1}{space 1}{ralign 8:{res:{sf: .000334}}}{space 1}{space 1}{ralign 6:{res:{sf:  5.33}}}{space 1}{space 1}{ralign 6:{res:{sf: 0.000}}}{space 1}{space 1}{ralign 8:{res:{sf: .001123}}}{space 1}{space 1}{ralign 8:{res:{sf: .002431}}}{space 1}{space 1}{ralign 8:{res:{sf:  1.0774}}}{space 0}
{space 0}{space 0}{ralign 12:9}{space 1}{c |}{space 1}{ralign 8:{res:{sf: .002059}}}{space 1}{space 1}{ralign 8:{res:{sf: .000384}}}{space 1}{space 1}{ralign 6:{res:{sf:  5.36}}}{space 1}{space 1}{ralign 6:{res:{sf: 0.000}}}{space 1}{space 1}{ralign 8:{res:{sf: .001306}}}{space 1}{space 1}{ralign 8:{res:{sf: .002811}}}{space 1}{space 1}{ralign 8:{res:{sf:  1.1894}}}{space 0}
{space 0}{space 0}{ralign 12:10}{space 1}{c |}{space 1}{ralign 8:{res:{sf:-.040265}}}{space 1}{space 1}{ralign 8:{res:{sf: .007011}}}{space 1}{space 1}{ralign 6:{res:{sf: -5.74}}}{space 1}{space 1}{ralign 6:{res:{sf: 0.000}}}{space 1}{space 1}{ralign 8:{res:{sf:-.054006}}}{space 1}{space 1}{ralign 8:{res:{sf:-.026523}}}{space 1}{space 1}{ralign 8:{res:{sf:  .56867}}}{space 0}
{hline 13}{c BT}{hline 65}

{com}. 
. 
. 
. * Multinomial Logit Model

. 
. asclogit dum, case(v1) alternatives(price) casevar(income)
{res}
{txt}Iteration 0:{space 3}log likelihood = {res:-8328.1129}  
Iteration 1:{space 3}log likelihood = {res:-8236.9407}  
Iteration 2:{space 3}log likelihood = {res: -8236.757}  
Iteration 3:{space 3}log likelihood = {res: -8236.757}  
{res}
{txt}Alternative-specific conditional logit{col 48}Number of obs{col 67}= {res}    44,700
{txt}Case variable: v1{col 48}Number of cases{col 67}= {res}      4470

{txt}Alternative variable: price{col 48}Alts per case: min = {res}        10
{col 63}{txt}avg = {res}      10.0
{col 63}{txt}max = {res}        10

{txt}{col 51}Wald chi2({res}9{txt}){col 67}= {res}    101.55
{txt}Log likelihood = {res} -8236.757{col 51}{txt}Prob > chi2{col 67}= {res}    0.0000

{txt}{hline 13}{c TT}{hline 11}{hline 11}{hline 9}{hline 8}{hline 13}{hline 12}
{col 1}         dum{col 14}{c |}      Coef.{col 26}   Std. Err.{col 38}      z{col 46}   P>|z|{col 54}     [95% Con{col 67}f. Interval]
{hline 13}{c +}{hline 11}{hline 11}{hline 9}{hline 8}{hline 13}{hline 12}
{col 1}{res}1           {col 14}{txt}{c |}  (base alternative)
{hline 13}{c +}{hline 11}{hline 11}{hline 9}{hline 8}{hline 13}{hline 12}
{res}2            {txt}{c |}
{space 6}income {c |}{col 14}{res}{space 2}-.0030887{col 26}{space 2}  .003114{col 37}{space 1}   -0.99{col 46}{space 3}0.321{col 54}{space 4} -.009192{col 67}{space 3} .0030145
{txt}{space 7}_cons {c |}{col 14}{res}{space 2}-.8453241{col 26}{space 2} .0931354{col 37}{space 1}   -9.08{col 46}{space 3}0.000{col 54}{space 4}-1.027866{col 67}{space 3} -.662782
{txt}{hline 13}{c +}{hline 11}{hline 11}{hline 9}{hline 8}{hline 13}{hline 12}
{res}3            {txt}{c |}
{space 6}income {c |}{col 14}{res}{space 2} .0145862{col 26}{space 2} .0038255{col 37}{space 1}    3.81{col 46}{space 3}0.000{col 54}{space 4} .0070885{col 67}{space 3}  .022084
{txt}{space 7}_cons {c |}{col 14}{res}{space 2}-2.399858{col 26}{space 2} .1335802{col 37}{space 1}  -17.97{col 46}{space 3}0.000{col 54}{space 4} -2.66167{col 67}{space 3}-2.138045
{txt}{hline 13}{c +}{hline 11}{hline 11}{hline 9}{hline 8}{hline 13}{hline 12}
{res}4            {txt}{c |}
{space 6}income {c |}{col 14}{res}{space 2} .0040504{col 26}{space 2} .0030926{col 37}{space 1}    1.31{col 46}{space 3}0.190{col 54}{space 4}-.0020109{col 67}{space 3} .0101118
{txt}{space 7}_cons {c |}{col 14}{res}{space 2}-1.201326{col 26}{space 2} .0971021{col 37}{space 1}  -12.37{col 46}{space 3}0.000{col 54}{space 4}-1.391643{col 67}{space 3} -1.01101
{txt}{hline 13}{c +}{hline 11}{hline 11}{hline 9}{hline 8}{hline 13}{hline 12}
{res}5            {txt}{c |}
{space 6}income {c |}{col 14}{res}{space 2}-.0012536{col 26}{space 2} .0042024{col 37}{space 1}   -0.30{col 46}{space 3}0.765{col 54}{space 4}-.0094901{col 67}{space 3} .0069829
{txt}{space 7}_cons {c |}{col 14}{res}{space 2}-1.690582{col 26}{space 2} .1269952{col 37}{space 1}  -13.31{col 46}{space 3}0.000{col 54}{space 4}-1.939488{col 67}{space 3}-1.441676
{txt}{hline 13}{c +}{hline 11}{hline 11}{hline 9}{hline 8}{hline 13}{hline 12}
{res}6            {txt}{c |}
{space 6}income {c |}{col 14}{res}{space 2}  .030612{col 26}{space 2}  .004674{col 37}{space 1}    6.55{col 46}{space 3}0.000{col 54}{space 4} .0214512{col 67}{space 3} .0397729
{txt}{space 7}_cons {c |}{col 14}{res}{space 2}-4.139767{col 26}{space 2}  .210989{col 37}{space 1}  -19.62{col 46}{space 3}0.000{col 54}{space 4}-4.553298{col 67}{space 3}-3.726236
{txt}{hline 13}{c +}{hline 11}{hline 11}{hline 9}{hline 8}{hline 13}{hline 12}
{res}7            {txt}{c |}
{space 6}income {c |}{col 14}{res}{space 2}-.0069326{col 26}{space 2} .0044161{col 37}{space 1}   -1.57{col 46}{space 3}0.116{col 54}{space 4} -.015588{col 67}{space 3} .0017228
{txt}{space 7}_cons {c |}{col 14}{res}{space 2}-1.531042{col 26}{space 2} .1280434{col 37}{space 1}  -11.96{col 46}{space 3}0.000{col 54}{space 4}-1.782002{col 67}{space 3}-1.280081
{txt}{hline 13}{c +}{hline 11}{hline 11}{hline 9}{hline 8}{hline 13}{hline 12}
{res}8            {txt}{c |}
{space 6}income {c |}{col 14}{res}{space 2} .0228862{col 26}{space 2} .0036217{col 37}{space 1}    6.32{col 46}{space 3}0.000{col 54}{space 4} .0157878{col 67}{space 3} .0299845
{txt}{space 7}_cons {c |}{col 14}{res}{space 2}-2.848352{col 26}{space 2} .1393848{col 37}{space 1}  -20.44{col 46}{space 3}0.000{col 54}{space 4}-3.121541{col 67}{space 3}-2.575163
{txt}{hline 13}{c +}{hline 11}{hline 11}{hline 9}{hline 8}{hline 13}{hline 12}
{res}9            {txt}{c |}
{space 6}income {c |}{col 14}{res}{space 2}  .017743{col 26}{space 2} .0037623{col 37}{space 1}    4.72{col 46}{space 3}0.000{col 54}{space 4}  .010369{col 67}{space 3} .0251169
{txt}{space 7}_cons {c |}{col 14}{res}{space 2}-2.575597{col 26}{space 2}   .13614{col 37}{space 1}  -18.92{col 46}{space 3}0.000{col 54}{space 4}-2.842427{col 67}{space 3}-2.308768
{txt}{hline 13}{c +}{hline 11}{hline 11}{hline 9}{hline 8}{hline 13}{hline 12}
{res}10           {txt}{c |}
{space 6}income {c |}{col 14}{res}{space 2} .0107909{col 26}{space 2}   .01013{col 37}{space 1}    1.07{col 46}{space 3}0.287{col 54}{space 4}-.0090636{col 67}{space 3} .0306454
{txt}{space 7}_cons {c |}{col 14}{res}{space 2} -4.28227{col 26}{space 2}  .345792{col 37}{space 1}  -12.38{col 46}{space 3}0.000{col 54}{space 4} -4.96001{col 67}{space 3} -3.60453
{txt}{hline 13}{c BT}{hline 11}{hline 11}{hline 9}{hline 8}{hline 13}{hline 12}

{com}. 
. eststo M_logit

. 
. esttab M_logit, se(5) title(The effect of family income on demand) nonumbers mtitles("M_logit")
{res}
{txt}The effect of family income on demand
{txt}{hline 28}
{txt}                  M_logit   
{txt}{hline 28}
{res}2                           {txt}
{txt}income      {res}     -0.00309   {txt}
            {res} {ralign 12:{txt:(}0.00311{txt:)}}   {txt}

{txt}_cons       {res}       -0.845***{txt}
            {res} {ralign 12:{txt:(}0.09314{txt:)}}   {txt}
{hline 28}
{res}3                           {txt}
{txt}income      {res}       0.0146***{txt}
            {res} {ralign 12:{txt:(}0.00383{txt:)}}   {txt}

{txt}_cons       {res}       -2.400***{txt}
            {res} {ralign 12:{txt:(}0.13358{txt:)}}   {txt}
{hline 28}
{res}4                           {txt}
{txt}income      {res}      0.00405   {txt}
            {res} {ralign 12:{txt:(}0.00309{txt:)}}   {txt}

{txt}_cons       {res}       -1.201***{txt}
            {res} {ralign 12:{txt:(}0.09710{txt:)}}   {txt}
{hline 28}
{res}5                           {txt}
{txt}income      {res}     -0.00125   {txt}
            {res} {ralign 12:{txt:(}0.00420{txt:)}}   {txt}

{txt}_cons       {res}       -1.691***{txt}
            {res} {ralign 12:{txt:(}0.12700{txt:)}}   {txt}
{hline 28}
{res}6                           {txt}
{txt}income      {res}       0.0306***{txt}
            {res} {ralign 12:{txt:(}0.00467{txt:)}}   {txt}

{txt}_cons       {res}       -4.140***{txt}
            {res} {ralign 12:{txt:(}0.21099{txt:)}}   {txt}
{hline 28}
{res}7                           {txt}
{txt}income      {res}     -0.00693   {txt}
            {res} {ralign 12:{txt:(}0.00442{txt:)}}   {txt}

{txt}_cons       {res}       -1.531***{txt}
            {res} {ralign 12:{txt:(}0.12804{txt:)}}   {txt}
{hline 28}
{res}8                           {txt}
{txt}income      {res}       0.0229***{txt}
            {res} {ralign 12:{txt:(}0.00362{txt:)}}   {txt}

{txt}_cons       {res}       -2.848***{txt}
            {res} {ralign 12:{txt:(}0.13938{txt:)}}   {txt}
{hline 28}
{res}9                           {txt}
{txt}income      {res}       0.0177***{txt}
            {res} {ralign 12:{txt:(}0.00376{txt:)}}   {txt}

{txt}_cons       {res}       -2.576***{txt}
            {res} {ralign 12:{txt:(}0.13614{txt:)}}   {txt}
{hline 28}
{res}10                          {txt}
{txt}income      {res}       0.0108   {txt}
            {res} {ralign 12:{txt:(}0.01013{txt:)}}   {txt}

{txt}_cons       {res}       -4.282***{txt}
            {res} {ralign 12:{txt:(}0.34579{txt:)}}   {txt}
{txt}{hline 28}
{txt}N           {res}        44700   {txt}
{txt}{hline 28}
{txt}Standard errors in parentheses
{txt}* p<0.05, ** p<0.01, *** p<0.001

{com}. 
. * calculate marginal effect

. 
. estat mfx
{res}
{txt}Pr(choice = 1|1 selected) ={col 10}{res} .39801715
{txt}{hline 13}{c TT}{hline 65}
variable     {c |}{col 18}dp/dx{col 26}Std. Err.{col 39}z{col 45}P>|z|{col 52}[    95% C.I.    ]{col 77}X
{hline 13}{c +}{hline 65}
{res}{txt}{space 0}{res:{lalign 13:casevars}}{c |}{space 10}{space 10}{space 8}{space 8}{space 10}{space 10}{space 9}
{space 0}{space 0}{ralign 12:income}{space 1}{c |}{space 1}{ralign 8:{res:{sf:-.001062}}}{space 1}{space 1}{ralign 8:{res:{sf: .000487}}}{space 1}{space 1}{ralign 6:{res:{sf: -2.18}}}{space 1}{space 1}{ralign 6:{res:{sf: 0.029}}}{space 1}{space 1}{ralign 8:{res:{sf:-.002016}}}{space 1}{space 1}{ralign 8:{res:{sf:-.000108}}}{space 1}{space 1}{ralign 8:{res:{sf:  27.664}}}{space 0}
{hline 13}{c BT}{hline 65}

Pr(choice = 2|1 selected) ={col 10}{res} .15691817
{txt}{hline 13}{c TT}{hline 65}
variable     {c |}{col 18}dp/dx{col 26}Std. Err.{col 39}z{col 45}P>|z|{col 52}[    95% C.I.    ]{col 77}X
{hline 13}{c +}{hline 65}
{res}{txt}{space 0}{res:{lalign 13:casevars}}{c |}{space 10}{space 10}{space 8}{space 8}{space 10}{space 10}{space 9}
{space 0}{space 0}{ralign 12:income}{space 1}{c |}{space 1}{ralign 8:{res:{sf:-.000904}}}{space 1}{space 1}{ralign 8:{res:{sf: .000378}}}{space 1}{space 1}{ralign 6:{res:{sf: -2.39}}}{space 1}{space 1}{ralign 6:{res:{sf: 0.017}}}{space 1}{space 1}{ralign 8:{res:{sf:-.001645}}}{space 1}{space 1}{ralign 8:{res:{sf:-.000162}}}{space 1}{space 1}{ralign 8:{res:{sf:  27.664}}}{space 0}
{hline 13}{c BT}{hline 65}

Pr(choice = 3|1 selected) ={col 10}{res} .05406295
{txt}{hline 13}{c TT}{hline 65}
variable     {c |}{col 18}dp/dx{col 26}Std. Err.{col 39}z{col 45}P>|z|{col 52}[    95% C.I.    ]{col 77}X
{hline 13}{c +}{hline 65}
{res}{txt}{space 0}{res:{lalign 13:casevars}}{c |}{space 10}{space 10}{space 8}{space 8}{space 10}{space 10}{space 9}
{space 0}{space 0}{ralign 12:income}{space 1}{c |}{space 1}{ralign 8:{res:{sf: .000644}}}{space 1}{space 1}{ralign 8:{res:{sf: .000183}}}{space 1}{space 1}{ralign 6:{res:{sf:  3.53}}}{space 1}{space 1}{ralign 6:{res:{sf: 0.000}}}{space 1}{space 1}{ralign 8:{res:{sf: .000286}}}{space 1}{space 1}{ralign 8:{res:{sf: .001002}}}{space 1}{space 1}{ralign 8:{res:{sf:  27.664}}}{space 0}
{hline 13}{c BT}{hline 65}

Pr(choice = 4|1 selected) ={col 10}{res} .13391688
{txt}{hline 13}{c TT}{hline 65}
variable     {c |}{col 18}dp/dx{col 26}Std. Err.{col 39}z{col 45}P>|z|{col 52}[    95% C.I.    ]{col 77}X
{hline 13}{c +}{hline 65}
{res}{txt}{space 0}{res:{lalign 13:casevars}}{c |}{space 10}{space 10}{space 8}{space 8}{space 10}{space 10}{space 9}
{space 0}{space 0}{ralign 12:income}{space 1}{c |}{space 1}{ralign 8:{res:{sf: .000185}}}{space 1}{space 1}{ralign 8:{res:{sf: .000329}}}{space 1}{space 1}{ralign 6:{res:{sf:  0.56}}}{space 1}{space 1}{ralign 6:{res:{sf: 0.574}}}{space 1}{space 1}{ralign 8:{res:{sf: -.00046}}}{space 1}{space 1}{ralign 8:{res:{sf:  .00083}}}{space 1}{space 1}{ralign 8:{res:{sf:  27.664}}}{space 0}
{hline 13}{c BT}{hline 65}

Pr(choice = 5|1 selected) ={col 10}{res} .07089742
{txt}{hline 13}{c TT}{hline 65}
variable     {c |}{col 18}dp/dx{col 26}Std. Err.{col 39}z{col 45}P>|z|{col 52}[    95% C.I.    ]{col 77}X
{hline 13}{c +}{hline 65}
{res}{txt}{space 0}{res:{lalign 13:casevars}}{c |}{space 10}{space 10}{space 8}{space 8}{space 10}{space 10}{space 9}
{space 0}{space 0}{ralign 12:income}{space 1}{c |}{space 1}{ralign 8:{res:{sf:-.000278}}}{space 1}{space 1}{ralign 8:{res:{sf: .000264}}}{space 1}{space 1}{ralign 6:{res:{sf: -1.06}}}{space 1}{space 1}{ralign 6:{res:{sf: 0.291}}}{space 1}{space 1}{ralign 8:{res:{sf:-.000795}}}{space 1}{space 1}{ralign 8:{res:{sf: .000238}}}{space 1}{space 1}{ralign 8:{res:{sf:  27.664}}}{space 0}
{hline 13}{c BT}{hline 65}

Pr(choice = 6|1 selected) ={col 10}{res} .01478443
{txt}{hline 13}{c TT}{hline 65}
variable     {c |}{col 18}dp/dx{col 26}Std. Err.{col 39}z{col 45}P>|z|{col 52}[    95% C.I.    ]{col 77}X
{hline 13}{c +}{hline 65}
{res}{txt}{space 0}{res:{lalign 13:casevars}}{c |}{space 10}{space 10}{space 8}{space 8}{space 10}{space 10}{space 9}
{space 0}{space 0}{ralign 12:income}{space 1}{c |}{space 1}{ralign 8:{res:{sf: .000413}}}{space 1}{space 1}{ralign 8:{res:{sf: .000066}}}{space 1}{space 1}{ralign 6:{res:{sf:  6.22}}}{space 1}{space 1}{ralign 6:{res:{sf: 0.000}}}{space 1}{space 1}{ralign 8:{res:{sf: .000283}}}{space 1}{space 1}{ralign 8:{res:{sf: .000543}}}{space 1}{space 1}{ralign 8:{res:{sf:  27.664}}}{space 0}
{hline 13}{c BT}{hline 65}

Pr(choice = 7|1 selected) ={col 10}{res} .07107045
{txt}{hline 13}{c TT}{hline 65}
variable     {c |}{col 18}dp/dx{col 26}Std. Err.{col 39}z{col 45}P>|z|{col 52}[    95% C.I.    ]{col 77}X
{hline 13}{c +}{hline 65}
{res}{txt}{space 0}{res:{lalign 13:casevars}}{c |}{space 10}{space 10}{space 8}{space 8}{space 10}{space 10}{space 9}
{space 0}{space 0}{ralign 12:income}{space 1}{c |}{space 1}{ralign 8:{res:{sf:-.000682}}}{space 1}{space 1}{ralign 8:{res:{sf: .000277}}}{space 1}{space 1}{ralign 6:{res:{sf: -2.47}}}{space 1}{space 1}{ralign 6:{res:{sf: 0.014}}}{space 1}{space 1}{ralign 8:{res:{sf:-.001224}}}{space 1}{space 1}{ralign 8:{res:{sf: -.00014}}}{space 1}{space 1}{ralign 8:{res:{sf:  27.664}}}{space 0}
{hline 13}{c BT}{hline 65}

Pr(choice = 8|1 selected) ={col 10}{res} .04343487
{txt}{hline 13}{c TT}{hline 65}
variable     {c |}{col 18}dp/dx{col 26}Std. Err.{col 39}z{col 45}P>|z|{col 52}[    95% C.I.    ]{col 77}X
{hline 13}{c +}{hline 65}
{res}{txt}{space 0}{res:{lalign 13:casevars}}{c |}{space 10}{space 10}{space 8}{space 8}{space 10}{space 10}{space 9}
{space 0}{space 0}{ralign 12:income}{space 1}{c |}{space 1}{ralign 8:{res:{sf: .000878}}}{space 1}{space 1}{ralign 8:{res:{sf: .000138}}}{space 1}{space 1}{ralign 6:{res:{sf:  6.38}}}{space 1}{space 1}{ralign 6:{res:{sf: 0.000}}}{space 1}{space 1}{ralign 8:{res:{sf: .000608}}}{space 1}{space 1}{ralign 8:{res:{sf: .001148}}}{space 1}{space 1}{ralign 8:{res:{sf:  27.664}}}{space 0}
{hline 13}{c BT}{hline 65}

Pr(choice = 9|1 selected) ={col 10}{res} .04948833
{txt}{hline 13}{c TT}{hline 65}
variable     {c |}{col 18}dp/dx{col 26}Std. Err.{col 39}z{col 45}P>|z|{col 52}[    95% C.I.    ]{col 77}X
{hline 13}{c +}{hline 65}
{res}{txt}{space 0}{res:{lalign 13:casevars}}{c |}{space 10}{space 10}{space 8}{space 8}{space 10}{space 10}{space 9}
{space 0}{space 0}{ralign 12:income}{space 1}{c |}{space 1}{ralign 8:{res:{sf: .000746}}}{space 1}{space 1}{ralign 8:{res:{sf: .000164}}}{space 1}{space 1}{ralign 6:{res:{sf:  4.55}}}{space 1}{space 1}{ralign 6:{res:{sf: 0.000}}}{space 1}{space 1}{ralign 8:{res:{sf: .000425}}}{space 1}{space 1}{ralign 8:{res:{sf: .001067}}}{space 1}{space 1}{ralign 8:{res:{sf:  27.664}}}{space 0}
{hline 13}{c BT}{hline 65}

Pr(choice = 10|1 selected) ={col 10}{res} .00740936
{txt}{hline 13}{c TT}{hline 65}
variable     {c |}{col 18}dp/dx{col 26}Std. Err.{col 39}z{col 45}P>|z|{col 52}[    95% C.I.    ]{col 77}X
{hline 13}{c +}{hline 65}
{res}{txt}{space 0}{res:{lalign 13:casevars}}{c |}{space 10}{space 10}{space 8}{space 8}{space 10}{space 10}{space 9}
{space 0}{space 0}{ralign 12:income}{space 1}{c |}{space 1}{ralign 8:{res:{sf:  .00006}}}{space 1}{space 1}{ralign 8:{res:{sf: .000074}}}{space 1}{space 1}{ralign 6:{res:{sf:  0.82}}}{space 1}{space 1}{ralign 6:{res:{sf: 0.413}}}{space 1}{space 1}{ralign 8:{res:{sf:-.000084}}}{space 1}{space 1}{ralign 8:{res:{sf: .000204}}}{space 1}{space 1}{ralign 8:{res:{sf:  27.664}}}{space 0}
{hline 13}{c BT}{hline 65}

{com}. 
. 
. 
. ***************************************************************

. 
. * Exercise 5 : IIA

. 
. ***************************************************************

. 
. * Mixed Logit Model

. 
. asmixlogit dum, random(c) casevar(income) alternatives(price) case(v1)
{res}
{txt}Fitting fixed parameter model:
{res}
{txt}Fitting full model:
{res}
{txt}Iteration 0:{space 3}log simulated likelihood = {res:-7416.2546}  (not concave)
Iteration 1:{space 3}log simulated likelihood = {res:-7398.1945}  
Iteration 2:{space 3}log simulated likelihood = {res:-7355.6322}  
Iteration 3:{space 3}log simulated likelihood = {res:-7352.5988}  
Iteration 4:{space 3}log simulated likelihood = {res:-7352.5814}  
Iteration 5:{space 3}log simulated likelihood = {res:-7352.5814}  
{res}
{txt}Alternative-specific mixed logit{col 48}Number of obs{col 67}= {res}    44,700
{txt}Case variable: {res}v1{txt}{col 48}Number of cases{col 67}= {res}     4,470

{txt}Alternative variable: {res}price{txt}{col 48}Alts per case: min = {res}        10
{col 63}{txt}avg = {res}      10.0
{col 63}{txt}max = {res}        10
{txt}Integration sequence:      {res}Hammersley
{txt}Integration points:   {res}             50{txt}{col 51}Wald chi2({res}10{txt}){col 67}= {res}   1211.55
{txt}Log simulated likelihood = {res}-7352.5814{col 51}{txt}Prob > chi2{col 67}= {res}    0.0000

{txt}{hline 13}{c TT}{hline 11}{hline 11}{hline 9}{hline 8}{hline 13}{hline 12}
{col 1}         dum{col 14}{c |}      Coef.{col 26}   Std. Err.{col 38}      z{col 46}   P>|z|{col 54}     [95% Con{col 67}f. Interval]
{hline 13}{c +}{hline 11}{hline 11}{hline 9}{hline 8}{hline 13}{hline 12}
{res}price        {txt}{c |}
{space 11}c {c |}{col 14}{res}{space 2}-7.547198{col 26}{space 2} .2223547{col 37}{space 1}  -33.94{col 46}{space 3}0.000{col 54}{space 4}-7.983005{col 67}{space 3}-7.111391
{txt}{hline 13}{c +}{hline 11}{hline 11}{hline 9}{hline 8}{hline 13}{hline 12}
{res}Normal       {txt}{c |}
{space 8}sd(c){c |}{col 14}{res}{space 2} 3.649194{col 26}{space 2}  .291882{col 54}{space 4} 3.119703{col 67}{space 3} 4.268552
{txt}{hline 13}{c +}{hline 11}{hline 11}{hline 9}{hline 8}{hline 13}{hline 12}
{col 1}{res}1           {col 14}{txt}{c |}  (base alternative)
{hline 13}{c +}{hline 11}{hline 11}{hline 9}{hline 8}{hline 13}{hline 12}
{res}2            {txt}{c |}
{space 6}income {c |}{col 14}{res}{space 2}-.0058937{col 26}{space 2} .0036744{col 37}{space 1}   -1.60{col 46}{space 3}0.109{col 54}{space 4}-.0130955{col 67}{space 3}  .001308
{txt}{space 7}_cons {c |}{col 14}{res}{space 2}-.8886583{col 26}{space 2} .1104599{col 37}{space 1}   -8.05{col 46}{space 3}0.000{col 54}{space 4}-1.105156{col 67}{space 3}-.6721609
{txt}{hline 13}{c +}{hline 11}{hline 11}{hline 9}{hline 8}{hline 13}{hline 12}
{res}3            {txt}{c |}
{space 6}income {c |}{col 14}{res}{space 2} .0202033{col 26}{space 2} .0046021{col 37}{space 1}    4.39{col 46}{space 3}0.000{col 54}{space 4} .0111834{col 67}{space 3} .0292232
{txt}{space 7}_cons {c |}{col 14}{res}{space 2} .3624811{col 26}{space 2} .2026931{col 37}{space 1}    1.79{col 46}{space 3}0.074{col 54}{space 4}-.0347902{col 67}{space 3} .7597523
{txt}{hline 13}{c +}{hline 11}{hline 11}{hline 9}{hline 8}{hline 13}{hline 12}
{res}4            {txt}{c |}
{space 6}income {c |}{col 14}{res}{space 2} .0025691{col 26}{space 2} .0034659{col 37}{space 1}    0.74{col 46}{space 3}0.459{col 54}{space 4} -.004224{col 67}{space 3} .0093622
{txt}{space 7}_cons {c |}{col 14}{res}{space 2}-2.025266{col 26}{space 2} .1126402{col 37}{space 1}  -17.98{col 46}{space 3}0.000{col 54}{space 4}-2.246037{col 67}{space 3}-1.804495
{txt}{hline 13}{c +}{hline 11}{hline 11}{hline 9}{hline 8}{hline 13}{hline 12}
{res}5            {txt}{c |}
{space 6}income {c |}{col 14}{res}{space 2} -.003862{col 26}{space 2} .0045853{col 37}{space 1}   -0.84{col 46}{space 3}0.400{col 54}{space 4} -.012849{col 67}{space 3}  .005125
{txt}{space 7}_cons {c |}{col 14}{res}{space 2}-3.383501{col 26}{space 2} .1540533{col 37}{space 1}  -21.96{col 46}{space 3}0.000{col 54}{space 4} -3.68544{col 67}{space 3}-3.081562
{txt}{hline 13}{c +}{hline 11}{hline 11}{hline 9}{hline 8}{hline 13}{hline 12}
{res}6            {txt}{c |}
{space 6}income {c |}{col 14}{res}{space 2} .0324638{col 26}{space 2} .0049366{col 37}{space 1}    6.58{col 46}{space 3}0.000{col 54}{space 4} .0227883{col 67}{space 3} .0421394
{txt}{space 7}_cons {c |}{col 14}{res}{space 2}-2.521205{col 26}{space 2} .2228586{col 37}{space 1}  -11.31{col 46}{space 3}0.000{col 54}{space 4}   -2.958{col 67}{space 3} -2.08441
{txt}{hline 13}{c +}{hline 11}{hline 11}{hline 9}{hline 8}{hline 13}{hline 12}
{res}7            {txt}{c |}
{space 6}income {c |}{col 14}{res}{space 2}-.0061804{col 26}{space 2} .0047636{col 37}{space 1}   -1.30{col 46}{space 3}0.194{col 54}{space 4}-.0155168{col 67}{space 3}  .003156
{txt}{space 7}_cons {c |}{col 14}{res}{space 2} .4032682{col 26}{space 2} .1520697{col 37}{space 1}    2.65{col 46}{space 3}0.008{col 54}{space 4}  .105217{col 67}{space 3} .7013193
{txt}{hline 13}{c +}{hline 11}{hline 11}{hline 9}{hline 8}{hline 13}{hline 12}
{res}8            {txt}{c |}
{space 6}income {c |}{col 14}{res}{space 2} .0292799{col 26}{space 2}  .004687{col 37}{space 1}    6.25{col 46}{space 3}0.000{col 54}{space 4} .0200936{col 67}{space 3} .0384662
{txt}{space 7}_cons {c |}{col 14}{res}{space 2} .0961353{col 26}{space 2} .2292829{col 37}{space 1}    0.42{col 46}{space 3}0.675{col 54}{space 4} -.353251{col 67}{space 3} .5455217
{txt}{hline 13}{c +}{hline 11}{hline 11}{hline 9}{hline 8}{hline 13}{hline 12}
{res}9            {txt}{c |}
{space 6}income {c |}{col 14}{res}{space 2} .0258758{col 26}{space 2} .0051442{col 37}{space 1}    5.03{col 46}{space 3}0.000{col 54}{space 4} .0157934{col 67}{space 3} .0359583
{txt}{space 7}_cons {c |}{col 14}{res}{space 2} .7081915{col 26}{space 2} .2768591{col 37}{space 1}    2.56{col 46}{space 3}0.011{col 54}{space 4} .1655576{col 67}{space 3} 1.250825
{txt}{hline 13}{c +}{hline 11}{hline 11}{hline 9}{hline 8}{hline 13}{hline 12}
{res}10           {txt}{c |}
{space 6}income {c |}{col 14}{res}{space 2} .0065357{col 26}{space 2}  .010873{col 37}{space 1}    0.60{col 46}{space 3}0.548{col 54}{space 4}-.0147751{col 67}{space 3} .0278465
{txt}{space 7}_cons {c |}{col 14}{res}{space 2}-4.412742{col 26}{space 2} .3674048{col 37}{space 1}  -12.01{col 46}{space 3}0.000{col 54}{space 4}-5.132842{col 67}{space 3}-3.692641
{txt}{hline 13}{c BT}{hline 11}{hline 11}{hline 9}{hline 8}{hline 13}{hline 12}
LR test vs. fixed parameters: {help j_chibar##|_new:chibar2(01) =} {res}  130.70{txt}{col 55}Prob >= chibar2 = {res}{col 73}0.0000

{com}. 
. eststo Mixed_logit

. 
. esttab Mixed_logit, se(5) title(Mixed Logit Model) nonumbers mtitles("Mixed_logit_betaf")
{res}
{txt}Mixed Logit Model
{txt}{hline 28}
{txt}             Mixed_logi~f   
{txt}{hline 28}
{res}price                       {txt}
{txt}c           {res}       -7.547***{txt}
            {res} {ralign 12:{txt:(}0.22235{txt:)}}   {txt}
{hline 28}
{res}Normal                      {txt}
{txt}sd(c)       {res}        3.649***{txt}
            {res} {ralign 12:{txt:(}0.29188{txt:)}}   {txt}
{hline 28}
{res}2                           {txt}
{txt}income      {res}     -0.00589   {txt}
            {res} {ralign 12:{txt:(}0.00367{txt:)}}   {txt}

{txt}_cons       {res}       -0.889***{txt}
            {res} {ralign 12:{txt:(}0.11046{txt:)}}   {txt}
{hline 28}
{res}3                           {txt}
{txt}income      {res}       0.0202***{txt}
            {res} {ralign 12:{txt:(}0.00460{txt:)}}   {txt}

{txt}_cons       {res}        0.362   {txt}
            {res} {ralign 12:{txt:(}0.20269{txt:)}}   {txt}
{hline 28}
{res}4                           {txt}
{txt}income      {res}      0.00257   {txt}
            {res} {ralign 12:{txt:(}0.00347{txt:)}}   {txt}

{txt}_cons       {res}       -2.025***{txt}
            {res} {ralign 12:{txt:(}0.11264{txt:)}}   {txt}
{hline 28}
{res}5                           {txt}
{txt}income      {res}     -0.00386   {txt}
            {res} {ralign 12:{txt:(}0.00459{txt:)}}   {txt}

{txt}_cons       {res}       -3.384***{txt}
            {res} {ralign 12:{txt:(}0.15405{txt:)}}   {txt}
{hline 28}
{res}6                           {txt}
{txt}income      {res}       0.0325***{txt}
            {res} {ralign 12:{txt:(}0.00494{txt:)}}   {txt}

{txt}_cons       {res}       -2.521***{txt}
            {res} {ralign 12:{txt:(}0.22286{txt:)}}   {txt}
{hline 28}
{res}7                           {txt}
{txt}income      {res}     -0.00618   {txt}
            {res} {ralign 12:{txt:(}0.00476{txt:)}}   {txt}

{txt}_cons       {res}        0.403** {txt}
            {res} {ralign 12:{txt:(}0.15207{txt:)}}   {txt}
{hline 28}
{res}8                           {txt}
{txt}income      {res}       0.0293***{txt}
            {res} {ralign 12:{txt:(}0.00469{txt:)}}   {txt}

{txt}_cons       {res}       0.0961   {txt}
            {res} {ralign 12:{txt:(}0.22928{txt:)}}   {txt}
{hline 28}
{res}9                           {txt}
{txt}income      {res}       0.0259***{txt}
            {res} {ralign 12:{txt:(}0.00514{txt:)}}   {txt}

{txt}_cons       {res}        0.708*  {txt}
            {res} {ralign 12:{txt:(}0.27686{txt:)}}   {txt}
{hline 28}
{res}10                          {txt}
{txt}income      {res}      0.00654   {txt}
            {res} {ralign 12:{txt:(}0.01087{txt:)}}   {txt}

{txt}_cons       {res}       -4.413***{txt}
            {res} {ralign 12:{txt:(}0.36740{txt:)}}   {txt}
{txt}{hline 28}
{txt}N           {res}        44700   {txt}
{txt}{hline 28}
{txt}Standard errors in parentheses
{txt}* p<0.05, ** p<0.01, *** p<0.001

{com}. 
. 
. 
. * consider an alternative specification

. 
. * remove data from one choice(ex: choice 7)

. 
. drop if choice == 7
{txt}(3,190 observations deleted)

{com}. 
. drop if price == 7
{txt}(4,151 observations deleted)

{com}. 
. asmixlogit dum, random(c) casevar(income) alternatives(price) case(v1)
{res}
{txt}Fitting fixed parameter model:
{res}
{txt}Fitting full model:
{res}
{txt}Iteration 0:{space 3}log simulated likelihood = {res:-6336.8983}  (not concave)
Iteration 1:{space 3}log simulated likelihood = {res:-6322.7181}  
Iteration 2:{space 3}log simulated likelihood = {res:-6286.2106}  
Iteration 3:{space 3}log simulated likelihood = {res:-6283.4158}  
Iteration 4:{space 3}log simulated likelihood = {res:-6283.3925}  
Iteration 5:{space 3}log simulated likelihood = {res:-6283.3925}  
{res}
{txt}Alternative-specific mixed logit{col 48}Number of obs{col 67}= {res}    37,359
{txt}Case variable: {res}v1{txt}{col 48}Number of cases{col 67}= {res}     4,151

{txt}Alternative variable: {res}price{txt}{col 48}Alts per case: min = {res}         9
{col 63}{txt}avg = {res}       9.0
{col 63}{txt}max = {res}         9
{txt}Integration sequence:      {res}Hammersley
{txt}Integration points:   {res}             50{txt}{col 51}Wald chi2({res}9{txt}){col 67}= {res}   1097.25
{txt}Log simulated likelihood = {res}-6283.3925{col 51}{txt}Prob > chi2{col 67}= {res}    0.0000

{txt}{hline 13}{c TT}{hline 11}{hline 11}{hline 9}{hline 8}{hline 13}{hline 12}
{col 1}         dum{col 14}{c |}      Coef.{col 26}   Std. Err.{col 38}      z{col 46}   P>|z|{col 54}     [95% Con{col 67}f. Interval]
{hline 13}{c +}{hline 11}{hline 11}{hline 9}{hline 8}{hline 13}{hline 12}
{res}price        {txt}{c |}
{space 11}c {c |}{col 14}{res}{space 2}-7.634548{col 26}{space 2} .2354983{col 37}{space 1}  -32.42{col 46}{space 3}0.000{col 54}{space 4}-8.096116{col 67}{space 3} -7.17298
{txt}{hline 13}{c +}{hline 11}{hline 11}{hline 9}{hline 8}{hline 13}{hline 12}
{res}Normal       {txt}{c |}
{space 8}sd(c){c |}{col 14}{res}{space 2} 3.393725{col 26}{space 2} .2931234{col 54}{space 4} 2.865211{col 67}{space 3} 4.019729
{txt}{hline 13}{c +}{hline 11}{hline 11}{hline 9}{hline 8}{hline 13}{hline 12}
{col 1}{res}1           {col 14}{txt}{c |}  (base alternative)
{hline 13}{c +}{hline 11}{hline 11}{hline 9}{hline 8}{hline 13}{hline 12}
{res}2            {txt}{c |}
{space 6}income {c |}{col 14}{res}{space 2}-.0066873{col 26}{space 2} .0037021{col 37}{space 1}   -1.81{col 46}{space 3}0.071{col 54}{space 4}-.0139433{col 67}{space 3} .0005688
{txt}{space 7}_cons {c |}{col 14}{res}{space 2}-.8639046{col 26}{space 2} .1109801{col 37}{space 1}   -7.78{col 46}{space 3}0.000{col 54}{space 4}-1.081422{col 67}{space 3}-.6463875
{txt}{hline 13}{c +}{hline 11}{hline 11}{hline 9}{hline 8}{hline 13}{hline 12}
{res}3            {txt}{c |}
{space 6}income {c |}{col 14}{res}{space 2} .0207204{col 26}{space 2} .0046251{col 37}{space 1}    4.48{col 46}{space 3}0.000{col 54}{space 4} .0116554{col 67}{space 3} .0297853
{txt}{space 7}_cons {c |}{col 14}{res}{space 2} .3979415{col 26}{space 2} .2109995{col 37}{space 1}    1.89{col 46}{space 3}0.059{col 54}{space 4}-.0156099{col 67}{space 3} .8114929
{txt}{hline 13}{c +}{hline 11}{hline 11}{hline 9}{hline 8}{hline 13}{hline 12}
{res}4            {txt}{c |}
{space 6}income {c |}{col 14}{res}{space 2} .0018837{col 26}{space 2} .0034769{col 37}{space 1}    0.54{col 46}{space 3}0.588{col 54}{space 4}-.0049309{col 67}{space 3} .0086984
{txt}{space 7}_cons {c |}{col 14}{res}{space 2}-1.982362{col 26}{space 2} .1125776{col 37}{space 1}  -17.61{col 46}{space 3}0.000{col 54}{space 4} -2.20301{col 67}{space 3}-1.761714
{txt}{hline 13}{c +}{hline 11}{hline 11}{hline 9}{hline 8}{hline 13}{hline 12}
{res}5            {txt}{c |}
{space 6}income {c |}{col 14}{res}{space 2}-.0048707{col 26}{space 2} .0046071{col 37}{space 1}   -1.06{col 46}{space 3}0.290{col 54}{space 4}-.0139004{col 67}{space 3} .0041589
{txt}{space 7}_cons {c |}{col 14}{res}{space 2}-3.314344{col 26}{space 2} .1532498{col 37}{space 1}  -21.63{col 46}{space 3}0.000{col 54}{space 4}-3.614708{col 67}{space 3} -3.01398
{txt}{hline 13}{c +}{hline 11}{hline 11}{hline 9}{hline 8}{hline 13}{hline 12}
{res}6            {txt}{c |}
{space 6}income {c |}{col 14}{res}{space 2} .0325798{col 26}{space 2} .0049339{col 37}{space 1}    6.60{col 46}{space 3}0.000{col 54}{space 4} .0229095{col 67}{space 3}   .04225
{txt}{space 7}_cons {c |}{col 14}{res}{space 2}  -2.5239{col 26}{space 2} .2235608{col 37}{space 1}  -11.29{col 46}{space 3}0.000{col 54}{space 4}-2.962071{col 67}{space 3}-2.085728
{txt}{hline 13}{c +}{hline 11}{hline 11}{hline 9}{hline 8}{hline 13}{hline 12}
{res}8            {txt}{c |}
{space 6}income {c |}{col 14}{res}{space 2} .0299697{col 26}{space 2} .0047105{col 37}{space 1}    6.36{col 46}{space 3}0.000{col 54}{space 4} .0207373{col 67}{space 3} .0392022
{txt}{space 7}_cons {c |}{col 14}{res}{space 2} .1465081{col 26}{space 2} .2381746{col 37}{space 1}    0.62{col 46}{space 3}0.538{col 54}{space 4}-.3203055{col 67}{space 3} .6133216
{txt}{hline 13}{c +}{hline 11}{hline 11}{hline 9}{hline 8}{hline 13}{hline 12}
{res}9            {txt}{c |}
{space 6}income {c |}{col 14}{res}{space 2} .0266061{col 26}{space 2} .0051694{col 37}{space 1}    5.15{col 46}{space 3}0.000{col 54}{space 4} .0164743{col 67}{space 3} .0367379
{txt}{space 7}_cons {c |}{col 14}{res}{space 2} .8080469{col 26}{space 2} .2887048{col 37}{space 1}    2.80{col 46}{space 3}0.005{col 54}{space 4} .2421958{col 67}{space 3} 1.373898
{txt}{hline 13}{c +}{hline 11}{hline 11}{hline 9}{hline 8}{hline 13}{hline 12}
{res}10           {txt}{c |}
{space 6}income {c |}{col 14}{res}{space 2} .0057262{col 26}{space 2} .0109425{col 37}{space 1}    0.52{col 46}{space 3}0.601{col 54}{space 4}-.0157207{col 67}{space 3} .0271731
{txt}{space 7}_cons {c |}{col 14}{res}{space 2}-4.373563{col 26}{space 2} .3686622{col 37}{space 1}  -11.86{col 46}{space 3}0.000{col 54}{space 4}-5.096127{col 67}{space 3}-3.650998
{txt}{hline 13}{c BT}{hline 11}{hline 11}{hline 9}{hline 8}{hline 13}{hline 12}
LR test vs. fixed parameters: {help j_chibar##|_new:chibar2(01) =} {res}  110.07{txt}{col 55}Prob >= chibar2 = {res}{col 73}0.0000

{com}. 
. eststo Mixed_logit7

. 
. esttab Mixed_logit7, se(5) title(Alternative Mixed Logit Model) nonumbers mtitles("Mixed_logit_betar")
{res}
{txt}Alternative Mixed Logit Model
{txt}{hline 28}
{txt}             Mixed_logi~r   
{txt}{hline 28}
{res}price                       {txt}
{txt}c           {res}       -7.635***{txt}
            {res} {ralign 12:{txt:(}0.23550{txt:)}}   {txt}
{hline 28}
{res}Normal                      {txt}
{txt}sd(c)       {res}        3.394***{txt}
            {res} {ralign 12:{txt:(}0.29312{txt:)}}   {txt}
{hline 28}
{res}2                           {txt}
{txt}income      {res}     -0.00669   {txt}
            {res} {ralign 12:{txt:(}0.00370{txt:)}}   {txt}

{txt}_cons       {res}       -0.864***{txt}
            {res} {ralign 12:{txt:(}0.11098{txt:)}}   {txt}
{hline 28}
{res}3                           {txt}
{txt}income      {res}       0.0207***{txt}
            {res} {ralign 12:{txt:(}0.00463{txt:)}}   {txt}

{txt}_cons       {res}        0.398   {txt}
            {res} {ralign 12:{txt:(}0.21100{txt:)}}   {txt}
{hline 28}
{res}4                           {txt}
{txt}income      {res}      0.00188   {txt}
            {res} {ralign 12:{txt:(}0.00348{txt:)}}   {txt}

{txt}_cons       {res}       -1.982***{txt}
            {res} {ralign 12:{txt:(}0.11258{txt:)}}   {txt}
{hline 28}
{res}5                           {txt}
{txt}income      {res}     -0.00487   {txt}
            {res} {ralign 12:{txt:(}0.00461{txt:)}}   {txt}

{txt}_cons       {res}       -3.314***{txt}
            {res} {ralign 12:{txt:(}0.15325{txt:)}}   {txt}
{hline 28}
{res}6                           {txt}
{txt}income      {res}       0.0326***{txt}
            {res} {ralign 12:{txt:(}0.00493{txt:)}}   {txt}

{txt}_cons       {res}       -2.524***{txt}
            {res} {ralign 12:{txt:(}0.22356{txt:)}}   {txt}
{hline 28}
{res}8                           {txt}
{txt}income      {res}       0.0300***{txt}
            {res} {ralign 12:{txt:(}0.00471{txt:)}}   {txt}

{txt}_cons       {res}        0.147   {txt}
            {res} {ralign 12:{txt:(}0.23817{txt:)}}   {txt}
{hline 28}
{res}9                           {txt}
{txt}income      {res}       0.0266***{txt}
            {res} {ralign 12:{txt:(}0.00517{txt:)}}   {txt}

{txt}_cons       {res}        0.808** {txt}
            {res} {ralign 12:{txt:(}0.28870{txt:)}}   {txt}
{hline 28}
{res}10                          {txt}
{txt}income      {res}      0.00573   {txt}
            {res} {ralign 12:{txt:(}0.01094{txt:)}}   {txt}

{txt}_cons       {res}       -4.374***{txt}
            {res} {ralign 12:{txt:(}0.36866{txt:)}}   {txt}
{txt}{hline 28}
{txt}N           {res}        37359   {txt}
{txt}{hline 28}
{txt}Standard errors in parentheses
{txt}* p<0.05, ** p<0.01, *** p<0.001

{com}. 
. 
. 
. * calculate IIA

. 
. hausman Mixed_logit Mixed_logit7, alleqs constant

{txt}{p 0 8}Note: the rank of the differenced variance matrix ({result:17}) does not equal the number of coefficients being tested ({result:18}); be sure this is what you expect, or there may be problems computing the test.  Examine the output of your estimators for anything unexpected and possibly consider scaling your variables so that the coefficients are on a similar scale.

{col 18}{hline 4} Coefficients {hline 4}
{col 14}{c |}{col 21}(b){col 34}(B){col 49}(b-B){col 59}sqrt(diag(V_b-V_B))
{col 14}{c |}{col 17}Mixed_logit {col 30}Mixed_logit7{col 46}Difference{col 66}S.E.
{hline 13}{c +}{hline 64}
{res}price{col 14}{txt}{c |}
{space 11}c {c |}{res}{col 18}-7.547198{col 31}-7.634548{col 47} .0873499{col 63}        .
{txt}{hline 13}{c +}{hline 64}
{res}Normal{col 14}{txt}{c |}
{space 8}sd(c){c |}{res}{col 18} 3.649194{col 31} 3.393725{col 47} .2554682{col 63}        .
{txt}{hline 13}{c +}{hline 64}
{res}2{col 14}{txt}{c |}
{space 6}income {c |}{res}{col 18}-.0058937{col 31}-.0066873{col 47} .0007935{col 63}        .
{txt}{space 7}_cons {c |}{res}{col 18}-.8886583{col 31}-.8639046{col 47}-.0247537{col 63}        .
{txt}{hline 13}{c +}{hline 64}
{res}3{col 14}{txt}{c |}
{space 6}income {c |}{res}{col 18} .0202033{col 31} .0207204{col 47}-.0005171{col 63}        .
{txt}{space 7}_cons {c |}{res}{col 18} .3624811{col 31} .3979415{col 47}-.0354604{col 63}        .
{txt}{hline 13}{c +}{hline 64}
{res}4{col 14}{txt}{c |}
{space 6}income {c |}{res}{col 18} .0025691{col 31} .0018837{col 47} .0006854{col 63}        .
{txt}{space 7}_cons {c |}{res}{col 18}-2.025266{col 31}-1.982362{col 47}-.0429035{col 63} .0037544
{txt}{hline 13}{c +}{hline 64}
{res}5{col 14}{txt}{c |}
{space 6}income {c |}{res}{col 18} -.003862{col 31}-.0048707{col 47} .0010088{col 63}        .
{txt}{space 7}_cons {c |}{res}{col 18}-3.383501{col 31}-3.314344{col 47}-.0691573{col 63} .0157141
{txt}{hline 13}{c +}{hline 64}
{res}6{col 14}{txt}{c |}
{space 6}income {c |}{res}{col 18} .0324638{col 31} .0325798{col 47}-.0001159{col 63} .0001628
{txt}{space 7}_cons {c |}{res}{col 18}-2.521205{col 31}  -2.5239{col 47} .0026945{col 63}        .
{txt}{hline 13}{c +}{hline 64}
{res}8{col 14}{txt}{c |}
{space 6}income {c |}{res}{col 18} .0292799{col 31} .0299697{col 47}-.0006899{col 63}        .
{txt}{space 7}_cons {c |}{res}{col 18} .0961353{col 31} .1465081{col 47}-.0503727{col 63}        .
{txt}{hline 13}{c +}{hline 64}
{res}9{col 14}{txt}{c |}
{space 6}income {c |}{res}{col 18} .0258758{col 31} .0266061{col 47}-.0007303{col 63}        .
{txt}{space 7}_cons {c |}{res}{col 18} .7081915{col 31} .8080469{col 47}-.0998554{col 63}        .
{txt}{hline 13}{c +}{hline 64}
{res}10{col 14}{txt}{c |}
{space 6}income {c |}{res}{col 18} .0065357{col 31} .0057262{col 47} .0008095{col 63}        .
{txt}{space 7}_cons {c |}{res}{col 18}-4.412742{col 31}-4.373563{col 47}-.0391787{col 63}        .
{txt}{hline 13}{c BT}{hline 64}
{ralign 78:b = consistent under Ho and Ha; obtained from asmixlogit}
{ralign 78:B = inconsistent under Ha, efficient under Ho; obtained from asmixlogit}

    Test:  Ho:  difference in coefficients not systematic

{ralign 25:chi2({res:17})} = (b-B)'[(V_b-V_B)^(-1)](b-B)
{col 27}=  {res}     34.25
{txt}{col 17}Prob>chi2 =  {res}    0.0078
{txt}{col 17}(V_b-V_B is not positive definite)

{com}. 
. 
. 
. 
. 
. ******************************* Assignment 4 *******************************

. 
. ***************************************************************

. 
. * Exercise 1 : Data

. 
. ***************************************************************

. 
. clear

. 
. * import data

. 
. import delimited "C:\Users\Administrator\Downloads\Econ613-master (1)\Econ613-master\Assignments\A4\Koop-Tobias.csv"
{res}{text}(10 vars, 17,919 obs)

{com}. 
. * declare the panel identifiers

. 
. xtset personid timetrnd
{res}{txt}{col 8}panel variable:  {res}personid (unbalanced)
{txt}{col 9}time variable:  {res}{col 25}timetrnd, 0 to 14, but with gaps
{txt}{col 17}delta:  {res}1 unit

{com}. 
. * represent the panel dimension of wages for 5 selected individuals

. 
. plot logwage timetrnd if personid == 1
{res}
    3.29 {txt}+  
         |                                             *
         |  
         |                                                          *
         |                                                                 *
         |  
         |  
    {res}L    {txt}|  
    {res}O    {txt}|  
    {res}G    {txt}|  
    {res}W    {txt}|  
    {res}A    {txt}|  
    {res}G    {txt}|  
    {res}E    {txt}|  
         |  
         |  
         |  
         |  
         |  
         |  
{res}    1.82 {txt}+ *
          +----------------------------------------------------------------+
         {res}       0                    TIMETRND                          10


{com}. 
. plot logwage timetrnd if personid == 2
{res}
     2.6 {txt}+  
         |                                                                 *
         |  
         |                                                         *
         |                                                 *
         |                                 *
         |                                         *
    {res}L    {txt}|                         *
    {res}O    {txt}|  
    {res}G    {txt}|  
    {res}W    {txt}|                 *
    {res}A    {txt}|  
    {res}G    {txt}|  
    {res}E    {txt}|  
         |         *
         |  
         |  
         |  
         |  
         |  
{res}    2.14 {txt}+ *
          +----------------------------------------------------------------+
         {res}       6                    TIMETRND                          14


{com}. 
. plot logwage timetrnd if personid == 3
{res}
    2.56 {txt}+  
         |  
         |  
         |  
         |  
         |  
         |  
    {res}L    {txt}|  
    {res}O    {txt}|  
    {res}G    {txt}|  
    {res}W    {txt}|  
    {res}A    {txt}|                                 *
    {res}G    {txt}|  
    {res}E    {txt}|  
         |  
         |  
         |  
         |  
         |  
         |  
{res}     .56 {txt}+  
          +----------------------------------------------------------------+
         {res}       1                    TIMETRND                           3


{com}. 
. plot logwage timetrnd if personid == 4
{res}
    2.98 {txt}+  
         |                                               *
         |  
         |  
         |  
         |  
         |  
    {res}L    {txt}|                                         *
    {res}O    {txt}|  
    {res}G    {txt}|                                                     *     *
    {res}W    {txt}|      *                            *                             *
    {res}A    {txt}|                              *
    {res}G    {txt}|                        *
    {res}E    {txt}| *
         |            *
         |  
         |  
         |  
         |  
         |  
{res}    1.15 {txt}+                  *
          +----------------------------------------------------------------+
         {res}       3                    TIMETRND                          14


{com}. 
. plot logwage timetrnd if personid == 5
{res}
    2.56 {txt}+  
         |                                                                 *
         |  
         |  
         |  
         |  
         |  
    {res}L    {txt}|  
    {res}O    {txt}|  
    {res}G    {txt}|                                           *
    {res}W    {txt}|  
    {res}A    {txt}|  
    {res}G    {txt}|  
    {res}E    {txt}|  
         |  
         |  
         |  
         |  
         |  
         |  
{res}    2.41 {txt}+ *
          +----------------------------------------------------------------+
         {res}       3                    TIMETRND                           6


{com}. 
. 
. 
. 
. 
. ***************************************************************

. 
. * Exercise 2 : Random Effects

. 
. ***************************************************************

. 
. xtreg logwage educ potexper, re
{res}
{txt}Random-effects GLS regression                   Number of obs     = {res}    17,919
{txt}Group variable: {res}personid                        {txt}Number of groups  = {res}     2,178

{txt}R-sq:                                           Obs per group:
     within  = {res}0.1961                                         {txt}min = {res}         1
{txt}     between = {res}0.1533                                         {txt}avg = {res}       8.2
{txt}     overall = {res}0.1578                                         {txt}max = {res}        15

                                                {txt}Wald chi2({res}2{txt})      =  {res}  4209.96
{txt}corr(u_i, X)   = {res}0{txt} (assumed)                    Prob > chi2       =     {res}0.0000

{txt}{hline 13}{c TT}{hline 11}{hline 11}{hline 9}{hline 8}{hline 13}{hline 12}
{col 1}     logwage{col 14}{c |}      Coef.{col 26}   Std. Err.{col 38}      z{col 46}   P>|z|{col 54}     [95% Con{col 67}f. Interval]
{hline 13}{c +}{hline 11}{hline 11}{hline 9}{hline 8}{hline 13}{hline 12}
{space 8}educ {c |}{col 14}{res}{space 2}  .107938{col 26}{space 2} .0033832{col 37}{space 1}   31.90{col 46}{space 3}0.000{col 54}{space 4} .1013071{col 67}{space 3}  .114569
{txt}{space 4}potexper {c |}{col 14}{res}{space 2} .0387645{col 26}{space 2} .0007178{col 37}{space 1}   54.00{col 46}{space 3}0.000{col 54}{space 4} .0373576{col 67}{space 3} .0401714
{txt}{space 7}_cons {c |}{col 14}{res}{space 2} .5635206{col 26}{space 2} .0438846{col 37}{space 1}   12.84{col 46}{space 3}0.000{col 54}{space 4} .4775083{col 67}{space 3} .6495328
{txt}{hline 13}{c +}{hline 11}{hline 11}{hline 9}{hline 8}{hline 13}{hline 12}
     sigma_u {c |} {res} .37207276
     {txt}sigma_e {c |} {res} .33545728
         {txt}rho {c |} {res}  .5516129{txt}   (fraction of variance due to u_i)
{hline 13}{c BT}{hline 64}

{com}. 
. eststo Panel_RE

. 
. esttab Panel_RE, se(5) title(Random effects) nonumbers mtitles("Panel_RE")
{res}
{txt}Random effects
{txt}{hline 28}
{txt}                 Panel_RE   
{txt}{hline 28}
{txt}educ        {res}        0.108***{txt}
            {res} {ralign 12:{txt:(}0.00338{txt:)}}   {txt}

{txt}potexper    {res}       0.0388***{txt}
            {res} {ralign 12:{txt:(}0.00072{txt:)}}   {txt}

{txt}_cons       {res}        0.564***{txt}
            {res} {ralign 12:{txt:(}0.04388{txt:)}}   {txt}
{txt}{hline 28}
{txt}N           {res}        17919   {txt}
{txt}{hline 28}
{txt}Standard errors in parentheses
{txt}* p<0.05, ** p<0.01, *** p<0.001

{com}. 
. 
. 
. 
. 
. ***************************************************************

. 
. * Exercise 3 : Fixed Effects Model

. 
. ***************************************************************

. 
. * Between

. 
. xtreg logwage educ potexper,be

{txt}Between regression (regression on group means)  Number of obs     = {res}    17,919
{txt}Group variable: {res}personid                        {txt}Number of groups  = {res}     2,178

{txt}R-sq:                                           Obs per group:
     within  = {res}0.1962                                         {txt}min = {res}         1
{txt}     between = {res}0.1553                                         {txt}avg = {res}       8.2
{txt}     overall = {res}0.1518                                         {txt}max = {res}        15

                                                {txt}F({res}2{txt},{res}2175{txt})         =  {res}   200.01
{txt}sd(u_i + avg(e_i.))= {res} .3991313                  {txt}Prob > F          =     {res}0.0000

{txt}{hline 13}{c TT}{hline 11}{hline 11}{hline 9}{hline 8}{hline 13}{hline 12}
{col 1}     logwage{col 14}{c |}      Coef.{col 26}   Std. Err.{col 38}      t{col 46}   P>|t|{col 54}     [95% Con{col 67}f. Interval]
{hline 13}{c +}{hline 11}{hline 11}{hline 9}{hline 8}{hline 13}{hline 12}
{space 8}educ {c |}{col 14}{res}{space 2} .0930999{col 26}{space 2} .0046685{col 37}{space 1}   19.94{col 46}{space 3}0.000{col 54}{space 4} .0839447{col 67}{space 3} .1022551
{txt}{space 4}potexper {c |}{col 14}{res}{space 2} .0259987{col 26}{space 2} .0036049{col 37}{space 1}    7.21{col 46}{space 3}0.000{col 54}{space 4} .0189294{col 67}{space 3} .0330681
{txt}{space 7}_cons {c |}{col 14}{res}{space 2} .8455688{col 26}{space 2} .0770179{col 37}{space 1}   10.98{col 46}{space 3}0.000{col 54}{space 4} .6945324{col 67}{space 3} .9966052
{txt}{hline 13}{c BT}{hline 11}{hline 11}{hline 9}{hline 8}{hline 13}{hline 12}

{com}. 
. eststo Panel_FE_be

. 
. 
. 
. * Within

. 
. xtreg logwage educ potexper,fe
{res}
{txt}Fixed-effects (within) regression{col 49}Number of obs{col 67}={col 69}{res}    17,919
{txt}Group variable: {res}personid{txt}{col 49}Number of groups{col 67}={col 69}{res}     2,178

{txt}R-sq:{col 49}Obs per group:
     within  = {res}0.1964{col 63}{txt}min{col 67}={col 69}{res}         1
{txt}     between = {res}0.1550{col 63}{txt}avg{col 67}={col 69}{res}       8.2
{txt}     overall = {res}0.1551{col 63}{txt}max{col 67}={col 69}{res}        15

{txt}{col 49}F({res}2{txt},{res}15739{txt}){col 67}={col 70}{res}  1923.47
{txt}corr(u_i, Xb){col 16}= {res}-0.1273{txt}{col 49}Prob > F{col 67}={col 73}{res}0.0000

{txt}{hline 13}{c TT}{hline 11}{hline 11}{hline 9}{hline 8}{hline 13}{hline 12}
{col 1}     logwage{col 14}{c |}      Coef.{col 26}   Std. Err.{col 38}      t{col 46}   P>|t|{col 54}     [95% Con{col 67}f. Interval]
{hline 13}{c +}{hline 11}{hline 11}{hline 9}{hline 8}{hline 13}{hline 12}
{space 8}educ {c |}{col 14}{res}{space 2}  .123662{col 26}{space 2} .0057619{col 37}{space 1}   21.46{col 46}{space 3}0.000{col 54}{space 4} .1123681{col 67}{space 3} .1349559
{txt}{space 4}potexper {c |}{col 14}{res}{space 2} .0385611{col 26}{space 2} .0007585{col 37}{space 1}   50.84{col 46}{space 3}0.000{col 54}{space 4} .0370744{col 67}{space 3} .0400478
{txt}{space 7}_cons {c |}{col 14}{res}{space 2} .4068016{col 26}{space 2} .0717348{col 37}{space 1}    5.67{col 46}{space 3}0.000{col 54}{space 4} .2661931{col 67}{space 3}   .54741
{txt}{hline 13}{c +}{hline 11}{hline 11}{hline 9}{hline 8}{hline 13}{hline 12}
     sigma_u {c |} {res} .40290853
     {txt}sigma_e {c |} {res} .33545728
         {txt}rho {c |} {res} .59059603{txt}   (fraction of variance due to u_i)
{hline 13}{c BT}{hline 64}
F test that all u_i=0: F({res}2177{txt}, {res}15739{txt}) = {res}9.95{col 62}{txt}Prob > F = {res}0.0000

{com}. 
. eststo Panel_FE_fe

. 
. 
. 
. * First difference 

. 
. * generate continuous timetrend

. 
. drop timetrnd

. 
. gen t = _n

. 
. rename (t) (timetrnd)
{res}
{com}. 
. * re-declare the panel identifiers

. 
. xtset personid timetrnd
{res}{txt}{col 8}panel variable:  {res}personid (unbalanced)
{txt}{col 9}time variable:  {res}{col 25}timetrnd, 1 to 17919
{txt}{col 17}delta:  {res}1 unit

{com}. 
. * generate lag time series

. 
. gen diff_logwage = D.logwage
{txt}(2,178 missing values generated)

{com}. 
. gen diff_educ = D.educ
{txt}(2,178 missing values generated)

{com}. 
. gen diff_potexper = D.potexper
{txt}(2,178 missing values generated)

{com}. 
. * run regression

. 
. xtreg diff_logwage diff_educ diff_potexper, fe
{res}
{txt}Fixed-effects (within) regression{col 49}Number of obs{col 67}={col 69}{res}    15,741
{txt}Group variable: {res}personid{txt}{col 49}Number of groups{col 67}={col 69}{res}     2,095

{txt}R-sq:{col 49}Obs per group:
     within  = {res}0.0008{col 63}{txt}min{col 67}={col 69}{res}         1
{txt}     between = {res}0.0010{col 63}{txt}avg{col 67}={col 69}{res}       7.5
{txt}     overall = {res}0.0010{col 63}{txt}max{col 67}={col 69}{res}        14

{txt}{col 49}F({res}2{txt},{res}13644{txt}){col 67}={col 70}{res}     5.32
{txt}corr(u_i, Xb){col 16}= {res}-0.0017{txt}{col 49}Prob > F{col 67}={col 73}{res}0.0049

{txt}{hline 14}{c TT}{hline 11}{hline 11}{hline 9}{hline 8}{hline 13}{hline 12}
{col 1} diff_logwage{col 15}{c |}      Coef.{col 27}   Std. Err.{col 39}      t{col 47}   P>|t|{col 55}     [95% Con{col 68}f. Interval]
{hline 14}{c +}{hline 11}{hline 11}{hline 9}{hline 8}{hline 13}{hline 12}
{space 4}diff_educ {c |}{col 15}{res}{space 2} .0218726{col 27}{space 2} .0097279{col 38}{space 1}    2.25{col 47}{space 3}0.025{col 55}{space 4} .0028047{col 68}{space 3} .0409406
{txt}diff_potexper {c |}{col 15}{res}{space 2} .0114422{col 27}{space 2} .0047082{col 38}{space 1}    2.43{col 47}{space 3}0.015{col 55}{space 4} .0022133{col 68}{space 3}  .020671
{txt}{space 8}_cons {c |}{col 15}{res}{space 2} .0419012{col 27}{space 2} .0064347{col 38}{space 1}    6.51{col 47}{space 3}0.000{col 55}{space 4} .0292883{col 68}{space 3} .0545141
{txt}{hline 14}{c +}{hline 11}{hline 11}{hline 9}{hline 8}{hline 13}{hline 12}
      sigma_u {c |} {res}  .1752942
      {txt}sigma_e {c |} {res} .39181966
          {txt}rho {c |} {res} .16677308{txt}   (fraction of variance due to u_i)
{hline 14}{c BT}{hline 64}
F test that all u_i=0: F({res}2094{txt}, {res}13644{txt}) = {res}0.49{col 62}{txt}Prob > F = {res}1.0000

{com}. 
. eststo Panel_FE_diff

. 
. 
. 
. * display fixed effects model estimations results

. 
. esttab Panel_FE_be Panel_FE_fe Panel_FE_diff, se(5) title(Fixed Effects Model) nonumbers mtitles("between" "within" "f_diff")
{res}
{txt}Fixed Effects Model
{txt}{hline 60}
{txt}                  between          within          f_diff   
{txt}{hline 60}
{txt}educ        {res}       0.0931***        0.124***                {txt}
            {res} {ralign 12:{txt:(}0.00467{txt:)}}    {ralign 12:{txt:(}0.00576{txt:)}}                   {txt}

{txt}potexper    {res}       0.0260***       0.0386***                {txt}
            {res} {ralign 12:{txt:(}0.00360{txt:)}}    {ralign 12:{txt:(}0.00076{txt:)}}                   {txt}

{txt}diff_educ   {res}                                       0.0219*  {txt}
            {res}                                 {ralign 12:{txt:(}0.00973{txt:)}}   {txt}

{txt}diff_potex~r{res}                                       0.0114*  {txt}
            {res}                                 {ralign 12:{txt:(}0.00471{txt:)}}   {txt}

{txt}_cons       {res}        0.846***        0.407***       0.0419***{txt}
            {res} {ralign 12:{txt:(}0.07702{txt:)}}    {ralign 12:{txt:(}0.07173{txt:)}}    {ralign 12:{txt:(}0.00643{txt:)}}   {txt}
{txt}{hline 60}
{txt}N           {res}        17919           17919           15741   {txt}
{txt}{hline 60}
{txt}Standard errors in parentheses
{txt}* p<0.05, ** p<0.01, *** p<0.001

{com}. 
. 
. 
. log close
      {txt}name:  {res}<unnamed>
       {txt}log:  {res}D:\R\Econ613\Econ613_HW5_ZhixinYu\hw5.smcl
  {txt}log type:  {res}smcl
 {txt}closed on:  {res}16 Apr 2019, 02:04:49
{txt}{.-}
{smcl}
{txt}{sf}{ul off}